../freertos/freertos_kernel/portable/GCC/ARM_CM33/non_secure/portasm.c:42:6:vRestoreContextOfFirstTask	0	static
../freertos/freertos_kernel/portable/GCC/ARM_CM33/non_secure/portasm.c:135:6:vRaisePrivilege	0	static
../freertos/freertos_kernel/portable/GCC/ARM_CM33/non_secure/portasm.c:161:6:vStartFirstTask	0	static
../freertos/freertos_kernel/portable/GCC/ARM_CM33/non_secure/portasm.c:183:10:ulSetInterruptMask	0	static
../freertos/freertos_kernel/portable/GCC/ARM_CM33/non_secure/portasm.c:198:6:vClearInterruptMask	0	static
../freertos/freertos_kernel/portable/GCC/ARM_CM33/non_secure/portasm.c:211:6:PendSV_Handler	0	static
../freertos/freertos_kernel/portable/GCC/ARM_CM33/non_secure/portasm.c:380:6:SVC_Handler	0	static
../freertos/freertos_kernel/portable/GCC/ARM_CM33/non_secure/portasm.c:408:6:vPortFreeSecureContext	0	static
../freertos/freertos_kernel/portable/GCC/ARM_CM33/non_secure/portasm.c:118:12:xIsPrivileged	0	static
../freertos/freertos_kernel/portable/GCC/ARM_CM33/non_secure/portasm.c:148:6:vResetPrivilege	0	static
../freertos/freertos_kernel/portable/GCC/ARM_CM33/non_secure/portasm.c:397:6:vPortAllocateSecureContext	0	static
