Archive member included to satisfy reference by file (symbol)

/usr/local/mcuxpressoide-11.8.1_1197/ide/plugins/com.nxp.mcuxpresso.tools.linux_11.8.1.202308071233/tools/bin/../lib/gcc/arm-none-eabi/12.2.1/thumb/v8-m.main+fp/hard/libgcc.a(_aeabi_uldivmod.o)
                              ./drivers/fsl_clock.o (__aeabi_uldivmod)
/usr/local/mcuxpressoide-11.8.1_1197/ide/plugins/com.nxp.mcuxpresso.tools.linux_11.8.1.202308071233/tools/bin/../lib/gcc/arm-none-eabi/12.2.1/thumb/v8-m.main+fp/hard/libgcc.a(_fixunssfdi.o)
                              ./drivers/fsl_clock.o (__aeabi_f2ulz)
/usr/local/mcuxpressoide-11.8.1_1197/ide/plugins/com.nxp.mcuxpresso.tools.linux_11.8.1.202308071233/tools/bin/../lib/gcc/arm-none-eabi/12.2.1/thumb/v8-m.main+fp/hard/libgcc.a(_udivmoddi4.o)
                              /usr/local/mcuxpressoide-11.8.1_1197/ide/plugins/com.nxp.mcuxpresso.tools.linux_11.8.1.202308071233/tools/bin/../lib/gcc/arm-none-eabi/12.2.1/thumb/v8-m.main+fp/hard/libgcc.a(_aeabi_uldivmod.o) (__udivmoddi4)
/usr/local/mcuxpressoide-11.8.1_1197/ide/plugins/com.nxp.mcuxpresso.tools.linux_11.8.1.202308071233/tools/bin/../lib/gcc/arm-none-eabi/12.2.1/thumb/v8-m.main+fp/hard/libgcc.a(_arm_muldf3.o)
                              /usr/local/mcuxpressoide-11.8.1_1197/ide/plugins/com.nxp.mcuxpresso.tools.linux_11.8.1.202308071233/tools/bin/../lib/gcc/arm-none-eabi/12.2.1/thumb/v8-m.main+fp/hard/libgcc.a(_fixunssfdi.o) (__aeabi_dmul)
/usr/local/mcuxpressoide-11.8.1_1197/ide/plugins/com.nxp.mcuxpresso.tools.linux_11.8.1.202308071233/tools/bin/../lib/gcc/arm-none-eabi/12.2.1/thumb/v8-m.main+fp/hard/libgcc.a(_dvmd_tls.o)
                              /usr/local/mcuxpressoide-11.8.1_1197/ide/plugins/com.nxp.mcuxpresso.tools.linux_11.8.1.202308071233/tools/bin/../lib/gcc/arm-none-eabi/12.2.1/thumb/v8-m.main+fp/hard/libgcc.a(_aeabi_uldivmod.o) (__aeabi_ldiv0)
/usr/local/mcuxpressoide-11.8.1_1197/ide/plugins/com.nxp.mcuxpresso.tools.linux_11.8.1.202308071233/tools/bin/../lib/gcc/arm-none-eabi/12.2.1/thumb/v8-m.main+fp/hard/libgcc.a(_arm_addsubdf3.o)
                              /usr/local/mcuxpressoide-11.8.1_1197/ide/plugins/com.nxp.mcuxpresso.tools.linux_11.8.1.202308071233/tools/bin/../lib/gcc/arm-none-eabi/12.2.1/thumb/v8-m.main+fp/hard/libgcc.a(_fixunssfdi.o) (__aeabi_dsub)
/usr/local/mcuxpressoide-11.8.1_1197/ide/plugins/com.nxp.mcuxpresso.tools.linux_11.8.1.202308071233/tools/bin/../lib/gcc/arm-none-eabi/12.2.1/thumb/v8-m.main+fp/hard/libgcc.a(_arm_fixunsdfsi.o)
                              /usr/local/mcuxpressoide-11.8.1_1197/ide/plugins/com.nxp.mcuxpresso.tools.linux_11.8.1.202308071233/tools/bin/../lib/gcc/arm-none-eabi/12.2.1/thumb/v8-m.main+fp/hard/libgcc.a(_fixunssfdi.o) (__aeabi_d2uiz)
/usr/local/mcuxpressoide-11.8.1_1197/ide/plugins/com.nxp.mcuxpresso.tools.linux_11.8.1.202308071233/tools/bin/../lib/gcc/arm-none-eabi/12.2.1/../../../../arm-none-eabi/lib/thumb/v8-m.main+fp/hard/libc_nano.a(libc_a-strtoul.o)
                              ./utilities/fsl_str.o (strtoul)
/usr/local/mcuxpressoide-11.8.1_1197/ide/plugins/com.nxp.mcuxpresso.tools.linux_11.8.1.202308071233/tools/bin/../lib/gcc/arm-none-eabi/12.2.1/../../../../arm-none-eabi/lib/thumb/v8-m.main+fp/hard/libc_nano.a(libc_a-strcpy.o)
                              ./freertos/freertos_kernel/tasks.o (strcpy)
/usr/local/mcuxpressoide-11.8.1_1197/ide/plugins/com.nxp.mcuxpresso.tools.linux_11.8.1.202308071233/tools/bin/../lib/gcc/arm-none-eabi/12.2.1/../../../../arm-none-eabi/lib/thumb/v8-m.main+fp/hard/libc_nano.a(libc_a-impure.o)
                              /usr/local/mcuxpressoide-11.8.1_1197/ide/plugins/com.nxp.mcuxpresso.tools.linux_11.8.1.202308071233/tools/bin/../lib/gcc/arm-none-eabi/12.2.1/../../../../arm-none-eabi/lib/thumb/v8-m.main+fp/hard/libc_nano.a(libc_a-strtoul.o) (_impure_ptr)
/usr/local/mcuxpressoide-11.8.1_1197/ide/plugins/com.nxp.mcuxpresso.tools.linux_11.8.1.202308071233/tools/bin/../lib/gcc/arm-none-eabi/12.2.1/../../../../arm-none-eabi/lib/thumb/v8-m.main+fp/hard/libc_nano.a(libc_a-memcpy-stub.o)
                              ./utilities/fsl_str.o (memcpy)
/usr/local/mcuxpressoide-11.8.1_1197/ide/plugins/com.nxp.mcuxpresso.tools.linux_11.8.1.202308071233/tools/bin/../lib/gcc/arm-none-eabi/12.2.1/../../../../arm-none-eabi/lib/thumb/v8-m.main+fp/hard/libc_nano.a(libc_a-malloc.o)
                              ./drivers/fsl_common.o (malloc)
/usr/local/mcuxpressoide-11.8.1_1197/ide/plugins/com.nxp.mcuxpresso.tools.linux_11.8.1.202308071233/tools/bin/../lib/gcc/arm-none-eabi/12.2.1/../../../../arm-none-eabi/lib/thumb/v8-m.main+fp/hard/libc_nano.a(libc_a-mallocr.o)
                              /usr/local/mcuxpressoide-11.8.1_1197/ide/plugins/com.nxp.mcuxpresso.tools.linux_11.8.1.202308071233/tools/bin/../lib/gcc/arm-none-eabi/12.2.1/../../../../arm-none-eabi/lib/thumb/v8-m.main+fp/hard/libc_nano.a(libc_a-malloc.o) (_malloc_r)
[...]
Memory Configuration

Name             Origin             Length             Attributes
PROGRAM_FLASH    0x0000000000040000 0x0000000000060000 xr
Ram0             0x0000000020030000 0x0000000000014000 xrw
*default*        0x0000000000000000 0xffffffffffffffff

Linker script and memory map

LOAD ./utilities/fsl_assert.o
LOAD ./utilities/fsl_debug_console.o
LOAD ./utilities/fsl_str.o
LOAD ./startup/boot_multicore_slave.o
LOAD ./startup/startup_lpc55s69_cm33_core0.o
LOAD ./source/main_ns.o
LOAD ./source/semihost_hardfault.o
LOAD ./freertos/freertos_kernel/portable/MemMang/heap_4.o
LOAD ./freertos/freertos_kernel/portable/GCC/ARM_CM33/non_secure/port.o
LOAD ./freertos/freertos_kernel/portable/GCC/ARM_CM33/non_secure/portasm.o
LOAD ./freertos/freertos_kernel/portable/Common/mpu_wrappers.o
LOAD ./freertos/freertos_kernel/croutine.o
LOAD ./freertos/freertos_kernel/event_groups.o
LOAD ./freertos/freertos_kernel/list.o
LOAD ./freertos/freertos_kernel/queue.o
LOAD ./freertos/freertos_kernel/stream_buffer.o
LOAD ./freertos/freertos_kernel/tasks.o
LOAD ./freertos/freertos_kernel/timers.o
LOAD ./drivers/fsl_clock.o
LOAD ./drivers/fsl_common.o
LOAD ./drivers/fsl_common_arm.o
LOAD ./drivers/fsl_flexcomm.o
LOAD ./drivers/fsl_gpio.o
LOAD ./drivers/fsl_power.o
LOAD ./drivers/fsl_reset.o
LOAD ./drivers/fsl_usart.o
LOAD ./device/system_LPC55S69_cm33_core0.o
LOAD ./component/uart/fsl_adapter_usart.o
LOAD ./component/serial_manager/fsl_component_serial_manager.o
LOAD ./component/serial_manager/fsl_component_serial_port_uart.o
LOAD ./component/lists/fsl_component_generic_list.o
LOAD ./board/clock_config.o
LOAD /home/pavel/apps/LOC-PAISA/1_IoTDev/1_NXPBoard/freertos_blinky_s/Debug/freertos_blinky_s_CMSE_lib.o
START GROUP
LOAD /usr/local/mcuxpressoide-11.8.1_1197/ide/plugins/com.nxp.mcuxpresso.tools.linux_11.8.1.202308071233/tools/bin/../lib/gcc/arm-none-eabi/12.2.1/thumb/v8-m.main+fp/hard/libgcc.a
LOAD /usr/local/mcuxpressoide-11.8.1_1197/ide/plugins/com.nxp.mcuxpresso.tools.linux_11.8.1.202308071233/tools/bin/../lib/gcc/arm-none-eabi/12.2.1/../../../../arm-none-eabi/lib/thumb/v8-m.main+fp/hard/libc_nano.a
LOAD /usr/local/mcuxpressoide-11.8.1_1197/ide/plugins/com.nxp.mcuxpresso.tools.linux_11.8.1.202308071233/tools/bin/../lib/gcc/arm-none-eabi/12.2.1/../../../../arm-none-eabi/lib/thumb/v8-m.main+fp/hard/libm.a
LOAD /usr/local/mcuxpressoide-11.8.1_1197/ide/plugins/com.nxp.mcuxpresso.tools.linux_11.8.1.202308071233/tools/bin/../lib/gcc/arm-none-eabi/12.2.1/../../../../arm-none-eabi/lib/thumb/v8-m.main+fp/hard/libcr_newlib_nohost.a
END GROUP
                0x0000000000040000                __base_PROGRAM_FLASH = 0x40000
                0x0000000000040000                __base_Flash = 0x40000
                0x00000000000a0000                __top_PROGRAM_FLASH = 0xa0000
                0x00000000000a0000                __top_Flash = 0xa0000
                0x0000000020030000                __base_Ram0 = 0x20030000
                0x0000000020030000                __base_RAM = 0x20030000
                0x0000000020044000                __top_Ram0 = 0x20044000
                0x0000000020044000                __top_RAM = 0x20044000

.text           0x0000000000040000     0x6fc0
 FILL mask 0xff
                0x0000000000040000                __vectors_start__ = ABSOLUTE (.)
 *(SORT_BY_ALIGNMENT(.isr_vector))
 .isr_vector    0x0000000000040000      0x130 ./startup/startup_lpc55s69_cm33_core0.o
                0x0000000000040000                __Vectors
                0x0000000000040000                g_pfnVectors
                0x0000000000040130                . = ALIGN (0x4)
                0x0000000000040130                __section_table_start = .
                0x0000000000040130                __data_section_table = .
                0x0000000000040130        0x4 LONG 0x48f28 LOADADDR (.data)
                0x0000000000040134        0x4 LONG 0x20030000 ADDR (.data)
                0x0000000000040138        0x4 LONG 0xca78 SIZEOF (.data)
                0x000000000004013c                __data_section_table_end = .
                0x000000000004013c                __bss_section_table = .
                0x000000000004013c        0x4 LONG 0x2003ca78 ADDR (.bss)
                0x0000000000040140        0x4 LONG 0x5dc SIZEOF (.bss)
                0x0000000000040144                __bss_section_table_end = .
                0x0000000000040144                __section_table_end = .
 *(SORT_BY_ALIGNMENT(.after_vectors*))
 .after_vectors.reset
                0x0000000000040144       0x68 ./startup/startup_lpc55s69_cm33_core0.o
                0x0000000000040144                ResetISR
 .after_vectors.init_data
                0x00000000000401ac       0x1e ./startup/startup_lpc55s69_cm33_core0.o
                0x00000000000401ac                data_init
 .after_vectors.init_bss
                0x00000000000401ca       0x12 ./startup/startup_lpc55s69_cm33_core0.o
                0x00000000000401ca                bss_init
 .after_vectors
                0x00000000000401dc       0x16 ./startup/startup_lpc55s69_cm33_core0.o
                0x00000000000401dc                NMI_Handler
                0x00000000000401de                HardFault_Handler
                0x00000000000401e0                MemManage_Handler
                0x00000000000401e2                BusFault_Handler
                0x00000000000401e4                UsageFault_Handler
                0x00000000000401e6                SecureFault_Handler
                0x00000000000401ea                DebugMon_Handler
                0x00000000000401f0                Reserved39_DriverIRQHandler
                0x00000000000401f0                DMA0_DriverIRQHandler
                0x00000000000401f0                Reserved42_DriverIRQHandler
                0x00000000000401f0                SEC_VIO_DriverIRQHandler
                0x00000000000401f0                PIN_INT3_DriverIRQHandler
                0x00000000000401f0                PIN_INT2_DriverIRQHandler
                0x00000000000401f0                Reserved56_DriverIRQHandler
                0x00000000000401f0                PIN_INT0_DriverIRQHandler
                0x00000000000401f0                CTIMER2_DriverIRQHandler
                0x00000000000401f0                IntDefaultHandler
                0x00000000000401f0                USB0_DriverIRQHandler
                0x00000000000401f0                CASER_DriverIRQHandler
                0x00000000000401f0                MRT0_DriverIRQHandler
                0x00000000000401f0                UTICK0_DriverIRQHandler
                0x00000000000401f0                Reserved41_DriverIRQHandler
                0x00000000000401f0                PIN_INT4_DriverIRQHandler
                0x00000000000401f0                PIN_INT5_DriverIRQHandler
                0x00000000000401f0                SEC_GPIO_INT0_IRQ0_DriverIRQHandler
                0x00000000000401f0                CTIMER4_DriverIRQHandler
                0x00000000000401f0                GINT1_DriverIRQHandler
                0x00000000000401f0                PIN_INT7_DriverIRQHandler
                0x00000000000401f0                Reserved55_DriverIRQHandler
                0x00000000000401f0                HASHCRYPT_DriverIRQHandler
                0x00000000000401f0                USB0_NEEDCLK_DriverIRQHandler
                0x00000000000401f0                CTIMER0_DriverIRQHandler
                0x00000000000401f0                CTIMER1_DriverIRQHandler
                0x00000000000401f0                PIN_INT6_DriverIRQHandler
                0x00000000000401f0                PQ_DriverIRQHandler
                0x00000000000401f0                MAILBOX_DriverIRQHandler
                0x00000000000401f0                PIN_INT1_DriverIRQHandler
                0x00000000000401f0                CTIMER3_DriverIRQHandler
                0x00000000000401f0                Reserved61_DriverIRQHandler
                0x00000000000401f0                SEC_GPIO_INT0_IRQ1_DriverIRQHandler
                0x00000000000401f0                PUF_DriverIRQHandler
                0x00000000000401f0                RTC_DriverIRQHandler
                0x00000000000401f0                USB1_DriverIRQHandler
                0x00000000000401f0                Reserved60_DriverIRQHandler
                0x00000000000401f0                DMA1_DriverIRQHandler
                0x00000000000401f0                ADC0_DriverIRQHandler
                0x00000000000401f0                USB1_NEEDCLK_DriverIRQHandler
                0x00000000000401f0                Reserved59_DriverIRQHandler
                0x00000000000401f0                SDIO_DriverIRQHandler
                0x00000000000401f0                GINT0_DriverIRQHandler
                0x00000000000401f0                USB1_PHY_DriverIRQHandler
                0x00000000000401f0                ACMP_DriverIRQHandler
                0x00000000000401f0                Reserved57_DriverIRQHandler
                0x00000000000401f0                Reserved46_DriverIRQHandler
                0x00000000000401f0                WDT_BOD_DriverIRQHandler
                0x00000000000401f0                SCT0_DriverIRQHandler
                0x00000000000401f0                PLU_DriverIRQHandler
                0x00000000000401f0                OS_EVENT_DriverIRQHandler
                0x00000000000401f0                SEC_HYPERVISOR_CALL_DriverIRQHandler
                0x0000000000040200                . = ALIGN (0x20)
 *fill*         0x00000000000401f2        0xe ff
                0x0000000000040200                __privileged_functions_start__ = .
 *(SORT_BY_ALIGNMENT(privileged_functions))
 privileged_functions
                0x0000000000040200      0x214 ./freertos/freertos_kernel/portable/GCC/ARM_CM33/non_secure/portasm.o
                0x0000000000040200                vRestoreContextOfFirstTask
                0x000000000004027a                vRaisePrivilege
                0x000000000004028a                vStartFirstTask
                0x00000000000402b6                ulSetInterruptMask
                0x00000000000402d0                vClearInterruptMask
                0x00000000000402e0                PendSV_Handler
                0x00000000000403ea                SVC_Handler
                0x0000000000040406                vPortFreeSecureContext
 privileged_functions
                0x0000000000040414      0x3e8 ./freertos/freertos_kernel/portable/MemMang/heap_4.o
                0x0000000000040414                pvPortMalloc
                0x00000000000405a4                vPortFree
                0x0000000000040648                vPortInitialiseBlocks
                0x0000000000040656                xPortGetFreeHeapSize
                0x000000000004066c                xPortGetMinimumEverFreeHeapSize
 privileged_functions
                0x00000000000407fc      0x6c4 ./freertos/freertos_kernel/portable/GCC/ARM_CM33/non_secure/port.o
                0x00000000000407fc                pxPortInitialiseStack
                0x0000000000040938                xPortStartScheduler
                0x000000000004097c                vPortEndScheduler
                0x0000000000040998                vPortStoreTaskMPUSettings
                0x0000000000040ce4                vPortSetupTimerInterrupt
                0x0000000000040d2c                vPortYield
                0x0000000000040d50                vPortEnterCritical
                0x0000000000040d74                vPortExitCritical
                0x0000000000040da8                SysTick_Handler
                0x0000000000040dd8                vPortSVCHandler_C
 privileged_functions
                0x0000000000040ec0      0x5b8 ./freertos/freertos_kernel/event_groups.o
                0x0000000000040ec0                xEventGroupCreate
                0x0000000000040ef4                xEventGroupCreateStatic
                0x0000000000040f42                xEventGroupWaitBits
                0x000000000004108c                xEventGroupClearBits
                0x00000000000410da                xEventGroupClearBitsFromISR
                0x0000000000041100                xEventGroupSetBits
                0x00000000000411f4                xEventGroupSetBitsFromISR
                0x000000000004121c                xEventGroupSync
                0x0000000000041336                xEventGroupGetBitsFromISR
                0x000000000004135e                vEventGroupDelete
                0x00000000000413b8                vEventGroupSetBitsCallback
                0x00000000000413d2                vEventGroupClearBitsCallback
                0x00000000000413ec                uxEventGroupGetNumber
                0x0000000000041418                vEventGroupSetNumber
 privileged_functions
                0x0000000000041478     0x2348 ./freertos/freertos_kernel/tasks.o
                0x0000000000041478                xTaskCreate
                0x0000000000041502                xTaskCreateStatic
                0x000000000004158c                xTaskCreateRestricted
                0x0000000000041612                xTaskCreateRestrictedStatic
                0x00000000000416a6                vTaskAllocateMPURegions
                0x00000000000416dc                vTaskDelete
                0x00000000000417ac                vTaskDelay
                0x00000000000417f4                xTaskDelayUntil
                0x00000000000418b0                uxTaskPriorityGet
                0x00000000000418e4                uxTaskPriorityGetFromISR
                0x000000000004191c                eTaskGetState
                0x00000000000419f0                vTaskGetInfo
                0x0000000000041abc                vTaskPrioritySet
                0x0000000000041bd8                vTaskSuspend
                0x0000000000041cbc                vTaskResume
                0x0000000000041d58                vTaskStartScheduler
                0x0000000000041e10                vTaskEndScheduler
                0x0000000000041e2c                vTaskSuspendAll
                0x0000000000041e48                xTaskResumeAll
                0x0000000000041f64                xTaskGetTickCount
                0x0000000000041f84                xTaskGetTickCountFromISR
                0x0000000000041fa8                uxTaskGetNumberOfTasks
                0x0000000000041fc0                pcTaskGetName
                0x0000000000041ff4                uxTaskGetSystemState
                0x0000000000042110                vTaskList
                0x000000000004223c                xTaskGenericNotify
                0x00000000000423b4                xTaskGenericNotifyFromISR
                0x0000000000042564                xTaskGenericNotifyWait
                0x000000000004264c                vTaskGenericNotifyGiveFromISR
                0x0000000000042758                ulTaskGenericNotifyTake
                0x0000000000042810                xTaskGenericNotifyStateClear
                0x0000000000042874                ulTaskGenericNotifyValueClear
                0x00000000000428d4                vTaskSetTimeOutState
                0x0000000000042910                xTaskCheckForTimeOut
                0x00000000000429bc                xTaskCatchUpTicks
                0x00000000000429fc                xTaskIncrementTick
                0x0000000000042b60                vTaskPlaceOnEventList
                0x0000000000042b98                vTaskPlaceOnUnorderedEventList
                0x0000000000042bf0                vTaskPlaceOnEventListRestricted
                0x0000000000042c38                xTaskRemoveFromEventList
                0x0000000000042cf0                vTaskRemoveFromUnorderedEventList
                0x0000000000042d94                vTaskSwitchContext
                0x0000000000042e3c                uxTaskResetEventItemValue
                0x0000000000042e6c                xTaskGetCurrentTaskHandle
                0x0000000000042e8c                vTaskMissedYield
                0x0000000000042ea4                xTaskGetSchedulerState
                0x0000000000042ee0                xTaskPriorityInherit
                0x0000000000042fb0                xTaskPriorityDisinherit
                0x000000000004306c                vTaskPriorityDisinheritAfterTimeout
                0x0000000000043150                uxTaskGetTaskNumber
                0x000000000004317c                vTaskSetTaskNumber
                0x00000000000431a2                pvTaskIncrementMutexHeldCount
                0x00000000000431cc                vTaskInternalSetTimeOutState
 privileged_functions
                0x00000000000437c0      0x99c ./freertos/freertos_kernel/timers.o
                0x00000000000437c0                xTimerCreate
                0x0000000000043802                xTimerCreateStatic
                0x000000000004385e                pvTimerGetTimerID
                0x000000000004388e                vTimerSetTimerID
                0x00000000000438be                xTimerIsTimerActive
                0x0000000000043900                xTimerGetTimerDaemonTaskHandle
                0x0000000000043920                xTimerPendFunctionCallFromISR
                0x0000000000043960                xTimerPendFunctionCall
                0x00000000000439b0                pcTimerGetName
                0x00000000000439d4                vTimerSetReloadMode
                0x0000000000043a2a                uxTimerGetReloadMode
                0x0000000000043a6c                xTimerGetPeriod
                0x0000000000043a90                xTimerGetExpiryTime
                0x0000000000043ab8                xTimerCreateTimerTask
                0x0000000000043b3c                xTimerGenericCommand
                0x0000000000043bc8                vTimerSetTimerNumber
                0x0000000000043be4                uxTimerGetTimerNumber
 privileged_functions
                0x000000000004415c      0x168 ./freertos/freertos_kernel/list.o
                0x000000000004415c                vListInitialise
                0x000000000004419c                vListInitialiseItem
                0x00000000000441b6                vListInsert
                0x0000000000044228                vListInsertEnd
                0x0000000000044270                uxListRemove
 privileged_functions
                0x00000000000442c4     0x1182 ./freertos/freertos_kernel/queue.o
                0x00000000000442c4                xQueueGenericSend
                0x0000000000044456                xQueuePeek
                0x00000000000445cc                xQueuePeekFromISR
                0x000000000004464e                xQueueReceive
                0x00000000000447c0                uxQueueMessagesWaiting
                0x00000000000447ec                uxQueueSpacesAvailable
                0x0000000000044822                vQueueDelete
                0x0000000000044852                xQueueGenericSendFromISR
                0x0000000000044942                xQueueGiveFromISR
                0x0000000000044a16                xQueueReceiveFromISR
                0x0000000000044ae0                xQueueIsQueueEmptyFromISR
                0x0000000000044b14                xQueueIsQueueFullFromISR
                0x0000000000044b4c                uxQueueMessagesWaitingFromISR
                0x0000000000044b74                xQueueCreateMutex
                0x0000000000044ba4                xQueueCreateMutexStatic
                0x0000000000044bda                xQueueCreateCountingSemaphore
                0x0000000000044c20                xQueueCreateCountingSemaphoreStatic
                0x0000000000044c6e                xQueueSemaphoreTake
                0x0000000000044e2c                xQueueTakeMutexRecursive
                0x0000000000044e88                xQueueGiveMutexRecursive
                0x0000000000044ee0                xQueueGenericCreate
                0x0000000000044f76                xQueueGenericCreateStatic
                0x0000000000045016                vQueueWaitForMessageRestricted
                0x000000000004507e                xQueueGenericReset
                0x000000000004512e                vQueueSetQueueNumber
                0x000000000004514a                uxQueueGetQueueNumber
                0x0000000000045162                ucQueueGetQueueType
 privileged_functions
                0x0000000000045446      0xb46 ./freertos/freertos_kernel/stream_buffer.o
                0x0000000000045446                xStreamBufferSend
                0x000000000004559c                xStreamBufferSendFromISR
                0x0000000000045646                xStreamBufferReceive
                0x000000000004574a                xStreamBufferReceiveFromISR
                0x00000000000457f0                vStreamBufferDelete
                0x000000000004582e                xStreamBufferIsFull
                0x000000000004587e                xStreamBufferIsEmpty
                0x00000000000458ba                xStreamBufferReset
                0x0000000000045922                xStreamBufferSpacesAvailable
                0x0000000000045974                xStreamBufferBytesAvailable
                0x000000000004599e                xStreamBufferSetTriggerLevel
                0x00000000000459e6                xStreamBufferSendCompletedFromISR
                0x0000000000045a44                xStreamBufferReceiveCompletedFromISR
                0x0000000000045aa2                xStreamBufferGenericCreate
                0x0000000000045b30                xStreamBufferGenericCreateStatic
                0x0000000000045bdc                xStreamBufferNextMessageLengthBytes
                0x0000000000045c4e                vStreamBufferSetStreamBufferNumber
                0x0000000000045c6a                uxStreamBufferGetStreamBufferNumber
                0x0000000000045c82                ucStreamBufferGetStreamBufferType
 *(SORT_BY_ALIGNMENT(privileged_functions*))
                0x0000000000045fa0                . = ALIGN (0x20)
 *fill*         0x0000000000045f8c       0x14 ff
                0x0000000000045f9f                __privileged_functions_end__ = (. - 0x1)
                0x0000000000045fa0                . = ALIGN (0x20)
                0x0000000000045fa0                __syscalls_flash_start__ = .
 *(SORT_BY_ALIGNMENT(freertos_system_calls))
 freertos_system_calls
                0x0000000000045fa0      0xfd6 ./freertos/freertos_kernel/portable/Common/mpu_wrappers.o
                0x0000000000045fa0                MPU_xTaskCreate
                0x0000000000045fe8                MPU_xTaskCreateStatic
                0x0000000000046032                MPU_vTaskDelete
                0x0000000000046060                MPU_vTaskDelay
                0x000000000004608e                MPU_xTaskDelayUntil
                0x00000000000460c4                MPU_uxTaskPriorityGet
                0x00000000000460f6                MPU_eTaskGetState
                0x000000000004612a                MPU_vTaskGetInfo
                0x0000000000046164                MPU_vTaskPrioritySet
                0x0000000000046196                MPU_vTaskSuspend
                0x00000000000461c4                MPU_vTaskResume
                0x00000000000461f2                MPU_vTaskSuspendAll
                0x000000000004621c                MPU_xTaskResumeAll
                0x000000000004624a                MPU_xTaskGetTickCount
                0x0000000000046278                MPU_uxTaskGetNumberOfTasks
                0x00000000000462a6                MPU_pcTaskGetName
                0x00000000000462d8                MPU_uxTaskGetSystemState
                0x0000000000046312                MPU_vTaskList
                0x0000000000046340                MPU_xTaskGenericNotify
                0x0000000000046384                MPU_xTaskGenericNotifyWait
                0x00000000000463c6                MPU_ulTaskGenericNotifyTake
                0x0000000000046400                MPU_xTaskGenericNotifyStateClear
                0x0000000000046436                MPU_ulTaskGenericNotifyValueClear
                0x0000000000046470                MPU_xTaskGetCurrentTaskHandle
                0x000000000004649e                MPU_vTaskSetTimeOutState
                0x00000000000464cc                MPU_xTaskCheckForTimeOut
                0x0000000000046502                MPU_xTaskCatchUpTicks
                0x0000000000046534                MPU_xQueueGenericSend
                0x0000000000046572                MPU_xQueueReceive
                0x00000000000465ac                MPU_xQueuePeek
                0x00000000000465e6                MPU_xQueueSemaphoreTake
                0x000000000004661c                MPU_uxQueueMessagesWaiting
                0x000000000004664e                MPU_uxQueueSpacesAvailable
                0x0000000000046680                MPU_vQueueDelete
                0x00000000000466ae                MPU_xQueueCreateMutex
                0x00000000000466e4                MPU_xQueueCreateMutexStatic
                0x000000000004671e                MPU_xQueueCreateCountingSemaphore
                0x0000000000046754                MPU_xQueueCreateCountingSemaphoreStatic
                0x000000000004678e                MPU_xQueueTakeMutexRecursive
                0x00000000000467c4                MPU_xQueueGiveMutexRecursive
                0x00000000000467f6                MPU_xQueueGenericCreate
                0x0000000000046834                MPU_xQueueGenericCreateStatic
                0x0000000000046878                MPU_xQueueGenericReset
                0x00000000000468ae                MPU_xTimerCreate
                0x00000000000468f0                MPU_xTimerCreateStatic
                0x0000000000046936                MPU_pvTimerGetTimerID
                0x0000000000046968                MPU_vTimerSetTimerID
                0x000000000004699a                MPU_xTimerIsTimerActive
                0x00000000000469cc                MPU_xTimerGetTimerDaemonTaskHandle
                0x00000000000469fa                MPU_xTimerPendFunctionCall
                0x0000000000046a38                MPU_pcTimerGetName
                0x0000000000046a6a                MPU_vTimerSetReloadMode
                0x0000000000046a9c                MPU_uxTimerGetReloadMode
                0x0000000000046ace                MPU_xTimerGetPeriod
                0x0000000000046b00                MPU_xTimerGetExpiryTime
                0x0000000000046b32                MPU_xTimerGenericCommand
                0x0000000000046b74                MPU_xEventGroupCreate
                0x0000000000046ba2                MPU_xEventGroupCreateStatic
                0x0000000000046bd4                MPU_xEventGroupWaitBits
                0x0000000000046c16                MPU_xEventGroupClearBits
                0x0000000000046c4c                MPU_xEventGroupSetBits
                0x0000000000046c82                MPU_xEventGroupSync
                0x0000000000046cc0                MPU_vEventGroupDelete
                0x0000000000046cee                MPU_xStreamBufferSend
                0x0000000000046d2c                MPU_xStreamBufferReceive
                0x0000000000046d6a                MPU_xStreamBufferNextMessageLengthBytes
                0x0000000000046d9c                MPU_vStreamBufferDelete
                0x0000000000046dca                MPU_xStreamBufferIsFull
                0x0000000000046dfc                MPU_xStreamBufferIsEmpty
                0x0000000000046e2e                MPU_xStreamBufferReset
                0x0000000000046e60                MPU_xStreamBufferSpacesAvailable
                0x0000000000046e92                MPU_xStreamBufferBytesAvailable
                0x0000000000046ec4                MPU_xStreamBufferSetTriggerLevel
                0x0000000000046efa                MPU_xStreamBufferGenericCreate
                0x0000000000046f34                MPU_xStreamBufferGenericCreateStatic
 *fill*         0x0000000000046f76        0x2 ff
 freertos_system_calls.__stub
                0x0000000000046f78       0x38 linker stubs
 *(SORT_BY_ALIGNMENT(freertos_system_calls*))
                0x0000000000046fc0                . = ALIGN (0x20)
 *fill*         0x0000000000046fb0       0x10 ff
                0x0000000000046fbf                __syscalls_flash_end__ = (. - 0x1)
                0x0000000000046fc0                __unprivileged_flash_start__ = .

.glue_7         0x0000000000046fc0        0x0
 .glue_7        0x0000000000046fc0        0x0 linker stubs

.glue_7t        0x0000000000046fc0        0x0
 .glue_7t       0x0000000000046fc0        0x0 linker stubs

.vfp11_veneer   0x0000000000046fc0        0x0
 .vfp11_veneer  0x0000000000046fc0        0x0 linker stubs

.v4_bx          0x0000000000046fc0        0x0
 .v4_bx         0x0000000000046fc0        0x0 linker stubs

.iplt           0x0000000000046fc0        0x0
 .iplt          0x0000000000046fc0        0x0 ./utilities/fsl_assert.o

.text           0x0000000000046fc0     0x1f68
 *(SORT_BY_ALIGNMENT(.text*))
 .text.xIsPrivileged
                0x0000000000046fc0       0x14 ./freertos/freertos_kernel/portable/GCC/ARM_CM33/non_secure/portasm.o
                0x0000000000046fc0                xIsPrivileged
 .text.__assert_func
                0x0000000000046fd4       0x28 ./utilities/fsl_assert.o
                0x0000000000046fd4                __assert_func
 .text.DbgConsole_SendDataReliable
                0x0000000000046ffc       0x54 ./utilities/fsl_debug_console.o
                0x0000000000046ffc                DbgConsole_SendDataReliable
 .text.DbgConsole_Vprintf
                0x0000000000047050       0x6c ./utilities/fsl_debug_console.o
                0x0000000000047050                DbgConsole_Vprintf
 .text.POWER_SetBodVbatLevel
                0x00000000000470bc       0x58 ./source/main_ns.o
 .text.SystemInit
                0x0000000000047114       0x48 ./source/main_ns.o
                0x0000000000047114                SystemInit
 .text.prvCreateTasks
                0x000000000004715c       0x48 ./source/main_ns.o
 .text.prvCallback
                0x00000000000471a4       0x1c ./source/main_ns.o
 .text.prvSecureCallingTask
                0x00000000000471c0       0x64 ./source/main_ns.o
 .text.vApplicationGetIdleTaskMemory
                0x0000000000047224       0x34 ./source/main_ns.o
                0x0000000000047224                vApplicationGetIdleTaskMemory
 .text.vApplicationGetTimerTaskMemory
                0x0000000000047258       0x34 ./source/main_ns.o
                0x0000000000047258                vApplicationGetTimerTaskMemory
 .text.main     0x000000000004728c       0x28 ./source/main_ns.o
                0x000000000004728c                main
 .text.prvTaskExitError
                0x00000000000472b4       0x34 ./freertos/freertos_kernel/portable/GCC/ARM_CM33/non_secure/port.o
 .text.FLEXCOMM_GetInstance
                0x00000000000472e8       0x5c ./drivers/fsl_flexcomm.o
                0x00000000000472e8                FLEXCOMM_GetInstance
 .text.FLEXCOMM0_DriverIRQHandler
                0x0000000000047344       0x68 ./drivers/fsl_flexcomm.o
                0x0000000000047344                FLEXCOMM0_DriverIRQHandler
 .text.FLEXCOMM1_DriverIRQHandler
                0x00000000000473ac       0x68 ./drivers/fsl_flexcomm.o
                0x00000000000473ac                FLEXCOMM1_DriverIRQHandler
 .text.FLEXCOMM2_DriverIRQHandler
                0x0000000000047414       0x68 ./drivers/fsl_flexcomm.o
                0x0000000000047414                FLEXCOMM2_DriverIRQHandler
 .text.FLEXCOMM3_DriverIRQHandler
                0x000000000004747c       0x68 ./drivers/fsl_flexcomm.o
                0x000000000004747c                FLEXCOMM3_DriverIRQHandler
 .text.FLEXCOMM4_DriverIRQHandler
                0x00000000000474e4       0x68 ./drivers/fsl_flexcomm.o
                0x00000000000474e4                FLEXCOMM4_DriverIRQHandler
 .text.FLEXCOMM5_DriverIRQHandler
                0x000000000004754c       0x68 ./drivers/fsl_flexcomm.o
                0x000000000004754c                FLEXCOMM5_DriverIRQHandler
 .text.FLEXCOMM6_DriverIRQHandler
                0x00000000000475b4       0x6c ./drivers/fsl_flexcomm.o
                0x00000000000475b4                FLEXCOMM6_DriverIRQHandler
 .text.FLEXCOMM7_DriverIRQHandler
                0x0000000000047620       0x6c ./drivers/fsl_flexcomm.o
                0x0000000000047620                FLEXCOMM7_DriverIRQHandler
 .text.FLEXCOMM8_DriverIRQHandler
                0x000000000004768c       0x6c ./drivers/fsl_flexcomm.o
                0x000000000004768c                FLEXCOMM8_DriverIRQHandler
 .text.USART_WriteBlocking
                0x00000000000476f8       0x9c ./drivers/fsl_usart.o
                0x00000000000476f8                USART_WriteBlocking
 .text.HAL_UartSendBlocking
                0x0000000000047794       0x84 ./component/uart/fsl_adapter_usart.o
                0x0000000000047794                HAL_UartSendBlocking
 .text.sbrk_aligned
                0x0000000000047818       0x44 /usr/local/mcuxpressoide-11.8.1_1197/ide/plugins/com.nxp.mcuxpresso.tools.linux_11.8.1.202308071233/tools/bin/../lib/gcc/arm-none-eabi/12.2.1/../../../../arm-none-eabi/lib/thumb/v8-m.main+fp/hard/libc_nano.a(libc_a-mallocr.o)
 .text._malloc_r
                0x000000000004785c       0xf0 /usr/local/mcuxpressoide-11.8.1_1197/ide/plugins/com.nxp.mcuxpresso.tools.linux_11.8.1.202308071233/tools/bin/../lib/gcc/arm-none-eabi/12.2.1/../../../../arm-none-eabi/lib/thumb/v8-m.main+fp/hard/libc_nano.a(libc_a-mallocr.o)
                0x000000000004785c                _malloc_r
 .text.sprintf  0x000000000004794c       0x40 /usr/local/mcuxpressoide-11.8.1_1197/ide/plugins/com.nxp.mcuxpresso.tools.linux_11.8.1.202308071233/tools/bin/../lib/gcc/arm-none-eabi/12.2.1/../../../../arm-none-eabi/lib/thumb/v8-m.main+fp/hard/libc_nano.a(libc_a-sprintf.o)
                0x000000000004794c                sprintf
                0x000000000004794c                siprintf
 .text.__malloc_lock
                0x000000000004798c        0xc /usr/local/mcuxpressoide-11.8.1_1197/ide/plugins/com.nxp.mcuxpresso.tools.linux_11.8.1.202308071233/tools/bin/../lib/gcc/arm-none-eabi/12.2.1/../../../../arm-none-eabi/lib/thumb/v8-m.main+fp/hard/libc_nano.a(libc_a-mlock.o)
                0x000000000004798c                __malloc_lock
 .text.__malloc_unlock
                0x0000000000047998        0xc /usr/local/mcuxpressoide-11.8.1_1197/ide/plugins/com.nxp.mcuxpresso.tools.linux_11.8.1.202308071233/tools/bin/../lib/gcc/arm-none-eabi/12.2.1/../../../../arm-none-eabi/lib/thumb/v8-m.main+fp/hard/libc_nano.a(libc_a-mlock.o)
                0x0000000000047998                __malloc_unlock
 .text._sbrk_r  0x00000000000479a4       0x20 /usr/local/mcuxpressoide-11.8.1_1197/ide/plugins/com.nxp.mcuxpresso.tools.linux_11.8.1.202308071233/tools/bin/../lib/gcc/arm-none-eabi/12.2.1/../../../../arm-none-eabi/lib/thumb/v8-m.main+fp/hard/libc_nano.a(libc_a-sbrkr.o)
                0x00000000000479a4                _sbrk_r
 .text.__errno  0x00000000000479c4        0xc /usr/local/mcuxpressoide-11.8.1_1197/ide/plugins/com.nxp.mcuxpresso.tools.linux_11.8.1.202308071233/tools/bin/../lib/gcc/arm-none-eabi/12.2.1/../../../../arm-none-eabi/lib/thumb/v8-m.main+fp/hard/libc_nano.a(libc_a-errno.o)
                0x00000000000479c4                __errno
 .text._free_r  0x00000000000479d0       0x94 /usr/local/mcuxpressoide-11.8.1_1197/ide/plugins/com.nxp.mcuxpresso.tools.linux_11.8.1.202308071233/tools/bin/../lib/gcc/arm-none-eabi/12.2.1/../../../../arm-none-eabi/lib/thumb/v8-m.main+fp/hard/libc_nano.a(libc_a-freer.o)
                0x00000000000479d0                _free_r
 .text._svfprintf_r
                0x0000000000047a64      0x1f8 /usr/local/mcuxpressoide-11.8.1_1197/ide/plugins/com.nxp.mcuxpresso.tools.linux_11.8.1.202308071233/tools/bin/../lib/gcc/arm-none-eabi/12.2.1/../../../../arm-none-eabi/lib/thumb/v8-m.main+fp/hard/libc_nano.a(libc_a-nano-svfprintf.o)
                0x0000000000047a64                _svfprintf_r
                0x0000000000047a64                _svfiprintf_r
 .text._printf_i
                0x0000000000047c5c      0x258 /usr/local/mcuxpressoide-11.8.1_1197/ide/plugins/com.nxp.mcuxpresso.tools.linux_11.8.1.202308071233/tools/bin/../lib/gcc/arm-none-eabi/12.2.1/../../../../arm-none-eabi/lib/thumb/v8-m.main+fp/hard/libc_nano.a(libc_a-nano-vfprintf_i.o)
                0x0000000000047c5c                _printf_i
 .text._sbrk    0x0000000000047eb4       0x3c /usr/local/mcuxpressoide-11.8.1_1197/ide/plugins/com.nxp.mcuxpresso.tools.linux_11.8.1.202308071233/tools/bin/../lib/gcc/arm-none-eabi/12.2.1/../../../../arm-none-eabi/lib/thumb/v8-m.main+fp/hard/libcr_newlib_nohost.a(_cr_sbrk.o)
                0x0000000000047eb4                _sbrk
 .text.__check_heap_overflow
                0x0000000000047ef0       0x18 /usr/local/mcuxpressoide-11.8.1_1197/ide/plugins/com.nxp.mcuxpresso.tools.linux_11.8.1.202308071233/tools/bin/../lib/gcc/arm-none-eabi/12.2.1/../../../../arm-none-eabi/lib/thumb/v8-m.main+fp/hard/libcr_newlib_nohost.a(_cr_check_heap.o)
                0x0000000000047ef0                __check_heap_overflow
 .text.DbgConsole_PrintCallback
                0x0000000000047f08       0x66 ./utilities/fsl_debug_console.o
 .text.DbgConsole_Printf
                0x0000000000047f6e       0x2c ./utilities/fsl_debug_console.o
                0x0000000000047f6e                DbgConsole_Printf
 .text.PrintGetWidth
                0x0000000000047f9a       0x6a ./utilities/fsl_str.o
 .text.PrintGetPrecision
                0x0000000000048004       0x8c ./utilities/fsl_str.o
 .text.PrintIsobpu
                0x0000000000048090       0x38 ./utilities/fsl_str.o
 .text.PrintIsdi
                0x00000000000480c8       0x2c ./utilities/fsl_str.o
 .text.PrintOutputdifFobpu
                0x00000000000480f4       0x44 ./utilities/fsl_str.o
 .text.PrintOutputxX
                0x0000000000048138       0x44 ./utilities/fsl_str.o
 .text.PrintIsfF
                0x000000000004817c       0x2c ./utilities/fsl_str.o
 .text.PrintIsxX
                0x00000000000481a8       0x2c ./utilities/fsl_str.o
 .text.PrintFilterLengthFlag
                0x00000000000481d4       0x3e ./utilities/fsl_str.o
 .text.PrintGetRadixFromobpu
                0x0000000000048212       0x40 ./utilities/fsl_str.o
 .text.ConvertRadixNumToString
                0x0000000000048252       0xc2 ./utilities/fsl_str.o
 .text.StrFormatPrintf
                0x0000000000048314      0x2ac ./utilities/fsl_str.o
                0x0000000000048314                StrFormatPrintf
 .text.WDT_BOD_IRQHandler
                0x00000000000485c0        0x8 ./startup/startup_lpc55s69_cm33_core0.o
                0x00000000000485c0                WDT_BOD_IRQHandler
 .text.DMA0_IRQHandler
                0x00000000000485c8        0x8 ./startup/startup_lpc55s69_cm33_core0.o
                0x00000000000485c8                DMA0_IRQHandler
 .text.GINT0_IRQHandler
                0x00000000000485d0        0x8 ./startup/startup_lpc55s69_cm33_core0.o
                0x00000000000485d0                GINT0_IRQHandler
 .text.GINT1_IRQHandler
                0x00000000000485d8        0x8 ./startup/startup_lpc55s69_cm33_core0.o
                0x00000000000485d8                GINT1_IRQHandler
 .text.PIN_INT0_IRQHandler
                0x00000000000485e0        0x8 ./startup/startup_lpc55s69_cm33_core0.o
                0x00000000000485e0                PIN_INT0_IRQHandler
 .text.PIN_INT1_IRQHandler
                0x00000000000485e8        0x8 ./startup/startup_lpc55s69_cm33_core0.o
                0x00000000000485e8                PIN_INT1_IRQHandler
 .text.PIN_INT2_IRQHandler
                0x00000000000485f0        0x8 ./startup/startup_lpc55s69_cm33_core0.o
                0x00000000000485f0                PIN_INT2_IRQHandler
 .text.PIN_INT3_IRQHandler
                0x00000000000485f8        0x8 ./startup/startup_lpc55s69_cm33_core0.o
                0x00000000000485f8                PIN_INT3_IRQHandler
 .text.UTICK0_IRQHandler
                0x0000000000048600        0x8 ./startup/startup_lpc55s69_cm33_core0.o
                0x0000000000048600                UTICK0_IRQHandler
 .text.MRT0_IRQHandler
                0x0000000000048608        0x8 ./startup/startup_lpc55s69_cm33_core0.o
                0x0000000000048608                MRT0_IRQHandler
 .text.CTIMER0_IRQHandler
                0x0000000000048610        0x8 ./startup/startup_lpc55s69_cm33_core0.o
                0x0000000000048610                CTIMER0_IRQHandler
 .text.CTIMER1_IRQHandler
                0x0000000000048618        0x8 ./startup/startup_lpc55s69_cm33_core0.o
                0x0000000000048618                CTIMER1_IRQHandler
 .text.SCT0_IRQHandler
                0x0000000000048620        0x8 ./startup/startup_lpc55s69_cm33_core0.o
                0x0000000000048620                SCT0_IRQHandler
 .text.CTIMER3_IRQHandler
                0x0000000000048628        0x8 ./startup/startup_lpc55s69_cm33_core0.o
                0x0000000000048628                CTIMER3_IRQHandler
 .text.FLEXCOMM0_IRQHandler
                0x0000000000048630        0x8 ./startup/startup_lpc55s69_cm33_core0.o
                0x0000000000048630                FLEXCOMM0_IRQHandler
 .text.FLEXCOMM1_IRQHandler
                0x0000000000048638        0x8 ./startup/startup_lpc55s69_cm33_core0.o
                0x0000000000048638                FLEXCOMM1_IRQHandler
 .text.FLEXCOMM2_IRQHandler
                0x0000000000048640        0x8 ./startup/startup_lpc55s69_cm33_core0.o
                0x0000000000048640                FLEXCOMM2_IRQHandler
 .text.FLEXCOMM3_IRQHandler
                0x0000000000048648        0x8 ./startup/startup_lpc55s69_cm33_core0.o
                0x0000000000048648                FLEXCOMM3_IRQHandler
 .text.FLEXCOMM4_IRQHandler
                0x0000000000048650        0x8 ./startup/startup_lpc55s69_cm33_core0.o
                0x0000000000048650                FLEXCOMM4_IRQHandler
 .text.FLEXCOMM5_IRQHandler
                0x0000000000048658        0x8 ./startup/startup_lpc55s69_cm33_core0.o
                0x0000000000048658                FLEXCOMM5_IRQHandler
 .text.FLEXCOMM6_IRQHandler
                0x0000000000048660        0x8 ./startup/startup_lpc55s69_cm33_core0.o
                0x0000000000048660                FLEXCOMM6_IRQHandler
 .text.FLEXCOMM7_IRQHandler
                0x0000000000048668        0x8 ./startup/startup_lpc55s69_cm33_core0.o
                0x0000000000048668                FLEXCOMM7_IRQHandler
 .text.ADC0_IRQHandler
                0x0000000000048670        0x8 ./startup/startup_lpc55s69_cm33_core0.o
                0x0000000000048670                ADC0_IRQHandler
 .text.Reserved39_IRQHandler
                0x0000000000048678        0x8 ./startup/startup_lpc55s69_cm33_core0.o
                0x0000000000048678                Reserved39_IRQHandler
 .text.ACMP_IRQHandler
                0x0000000000048680        0x8 ./startup/startup_lpc55s69_cm33_core0.o
                0x0000000000048680                ACMP_IRQHandler
 .text.Reserved41_IRQHandler
                0x0000000000048688        0x8 ./startup/startup_lpc55s69_cm33_core0.o
                0x0000000000048688                Reserved41_IRQHandler
 .text.Reserved42_IRQHandler
                0x0000000000048690        0x8 ./startup/startup_lpc55s69_cm33_core0.o
                0x0000000000048690                Reserved42_IRQHandler
 .text.USB0_NEEDCLK_IRQHandler
                0x0000000000048698        0x8 ./startup/startup_lpc55s69_cm33_core0.o
                0x0000000000048698                USB0_NEEDCLK_IRQHandler
 .text.USB0_IRQHandler
                0x00000000000486a0        0x8 ./startup/startup_lpc55s69_cm33_core0.o
                0x00000000000486a0                USB0_IRQHandler
 .text.RTC_IRQHandler
                0x00000000000486a8        0x8 ./startup/startup_lpc55s69_cm33_core0.o
                0x00000000000486a8                RTC_IRQHandler
 .text.Reserved46_IRQHandler
                0x00000000000486b0        0x8 ./startup/startup_lpc55s69_cm33_core0.o
                0x00000000000486b0                Reserved46_IRQHandler
 .text.MAILBOX_IRQHandler
                0x00000000000486b8        0x8 ./startup/startup_lpc55s69_cm33_core0.o
                0x00000000000486b8                MAILBOX_IRQHandler
 .text.PIN_INT4_IRQHandler
                0x00000000000486c0        0x8 ./startup/startup_lpc55s69_cm33_core0.o
                0x00000000000486c0                PIN_INT4_IRQHandler
 .text.PIN_INT5_IRQHandler
                0x00000000000486c8        0x8 ./startup/startup_lpc55s69_cm33_core0.o
                0x00000000000486c8                PIN_INT5_IRQHandler
 .text.PIN_INT6_IRQHandler
                0x00000000000486d0        0x8 ./startup/startup_lpc55s69_cm33_core0.o
                0x00000000000486d0                PIN_INT6_IRQHandler
 .text.PIN_INT7_IRQHandler
                0x00000000000486d8        0x8 ./startup/startup_lpc55s69_cm33_core0.o
                0x00000000000486d8                PIN_INT7_IRQHandler
 .text.CTIMER2_IRQHandler
                0x00000000000486e0        0x8 ./startup/startup_lpc55s69_cm33_core0.o
                0x00000000000486e0                CTIMER2_IRQHandler
 .text.CTIMER4_IRQHandler
                0x00000000000486e8        0x8 ./startup/startup_lpc55s69_cm33_core0.o
                0x00000000000486e8                CTIMER4_IRQHandler
 .text.OS_EVENT_IRQHandler
                0x00000000000486f0        0x8 ./startup/startup_lpc55s69_cm33_core0.o
                0x00000000000486f0                OS_EVENT_IRQHandler
 .text.Reserved55_IRQHandler
                0x00000000000486f8        0x8 ./startup/startup_lpc55s69_cm33_core0.o
                0x00000000000486f8                Reserved55_IRQHandler
 .text.Reserved56_IRQHandler
                0x0000000000048700        0x8 ./startup/startup_lpc55s69_cm33_core0.o
                0x0000000000048700                Reserved56_IRQHandler
 .text.Reserved57_IRQHandler
                0x0000000000048708        0x8 ./startup/startup_lpc55s69_cm33_core0.o
                0x0000000000048708                Reserved57_IRQHandler
 .text.SDIO_IRQHandler
                0x0000000000048710        0x8 ./startup/startup_lpc55s69_cm33_core0.o
                0x0000000000048710                SDIO_IRQHandler
 .text.Reserved59_IRQHandler
                0x0000000000048718        0x8 ./startup/startup_lpc55s69_cm33_core0.o
                0x0000000000048718                Reserved59_IRQHandler
 .text.Reserved60_IRQHandler
                0x0000000000048720        0x8 ./startup/startup_lpc55s69_cm33_core0.o
                0x0000000000048720                Reserved60_IRQHandler
 .text.Reserved61_IRQHandler
                0x0000000000048728        0x8 ./startup/startup_lpc55s69_cm33_core0.o
                0x0000000000048728                Reserved61_IRQHandler
 .text.USB1_PHY_IRQHandler
                0x0000000000048730        0x8 ./startup/startup_lpc55s69_cm33_core0.o
                0x0000000000048730                USB1_PHY_IRQHandler
 .text.USB1_IRQHandler
                0x0000000000048738        0x8 ./startup/startup_lpc55s69_cm33_core0.o
                0x0000000000048738                USB1_IRQHandler
 .text.USB1_NEEDCLK_IRQHandler
                0x0000000000048740        0x8 ./startup/startup_lpc55s69_cm33_core0.o
                0x0000000000048740                USB1_NEEDCLK_IRQHandler
 .text.SEC_HYPERVISOR_CALL_IRQHandler
                0x0000000000048748        0x8 ./startup/startup_lpc55s69_cm33_core0.o
                0x0000000000048748                SEC_HYPERVISOR_CALL_IRQHandler
 .text.SEC_GPIO_INT0_IRQ0_IRQHandler
                0x0000000000048750        0x8 ./startup/startup_lpc55s69_cm33_core0.o
                0x0000000000048750                SEC_GPIO_INT0_IRQ0_IRQHandler
 .text.SEC_GPIO_INT0_IRQ1_IRQHandler
                0x0000000000048758        0x8 ./startup/startup_lpc55s69_cm33_core0.o
                0x0000000000048758                SEC_GPIO_INT0_IRQ1_IRQHandler
 .text.PLU_IRQHandler
                0x0000000000048760        0x8 ./startup/startup_lpc55s69_cm33_core0.o
                0x0000000000048760                PLU_IRQHandler
 .text.SEC_VIO_IRQHandler
                0x0000000000048768        0x8 ./startup/startup_lpc55s69_cm33_core0.o
                0x0000000000048768                SEC_VIO_IRQHandler
 .text.HASHCRYPT_IRQHandler
                0x0000000000048770        0x8 ./startup/startup_lpc55s69_cm33_core0.o
                0x0000000000048770                HASHCRYPT_IRQHandler
 .text.CASER_IRQHandler
                0x0000000000048778        0x8 ./startup/startup_lpc55s69_cm33_core0.o
                0x0000000000048778                CASER_IRQHandler
 .text.PUF_IRQHandler
                0x0000000000048780        0x8 ./startup/startup_lpc55s69_cm33_core0.o
                0x0000000000048780                PUF_IRQHandler
 .text.PQ_IRQHandler
                0x0000000000048788        0x8 ./startup/startup_lpc55s69_cm33_core0.o
                0x0000000000048788                PQ_IRQHandler
 .text.DMA1_IRQHandler
                0x0000000000048790        0x8 ./startup/startup_lpc55s69_cm33_core0.o
                0x0000000000048790                DMA1_IRQHandler
 .text.FLEXCOMM8_IRQHandler
                0x0000000000048798        0x8 ./startup/startup_lpc55s69_cm33_core0.o
                0x0000000000048798                FLEXCOMM8_IRQHandler
 .text.prvLEDTogglingTask
                0x00000000000487a0       0x1c ./source/main_ns.o
 .text.vResetPrivilege
                0x00000000000487bc       0x10 ./freertos/freertos_kernel/portable/GCC/ARM_CM33/non_secure/portasm.o
                0x00000000000487bc                vResetPrivilege
 .text.vPortAllocateSecureContext
                0x00000000000487cc        0x6 ./freertos/freertos_kernel/portable/GCC/ARM_CM33/non_secure/portasm.o
                0x00000000000487cc                vPortAllocateSecureContext
 .text.SerialManager_StartWriting
                0x00000000000487d2       0x38 ./component/serial_manager/fsl_component_serial_manager.o
 .text.SerialManager_Write
                0x000000000004880a       0x44 ./component/serial_manager/fsl_component_serial_manager.o
 .text.SerialManager_WriteBlocking
                0x000000000004884e       0x20 ./component/serial_manager/fsl_component_serial_manager.o
                0x000000000004884e                SerialManager_WriteBlocking
 .text.Serial_UartWrite
                0x000000000004886e       0x38 ./component/serial_manager/fsl_component_serial_port_uart.o
                0x000000000004886e                Serial_UartWrite
 .text.strcpy   0x00000000000488a6       0x10 /usr/local/mcuxpressoide-11.8.1_1197/ide/plugins/com.nxp.mcuxpresso.tools.linux_11.8.1.202308071233/tools/bin/../lib/gcc/arm-none-eabi/12.2.1/../../../../arm-none-eabi/lib/thumb/v8-m.main+fp/hard/libc_nano.a(libc_a-strcpy.o)
                0x00000000000488a6                strcpy
 .text.memcpy   0x00000000000488b6       0x1a /usr/local/mcuxpressoide-11.8.1_1197/ide/plugins/com.nxp.mcuxpresso.tools.linux_11.8.1.202308071233/tools/bin/../lib/gcc/arm-none-eabi/12.2.1/../../../../arm-none-eabi/lib/thumb/v8-m.main+fp/hard/libc_nano.a(libc_a-memcpy-stub.o)
                0x00000000000488b6                memcpy
 .text          0x00000000000488d0       0x10 /usr/local/mcuxpressoide-11.8.1_1197/ide/plugins/com.nxp.mcuxpresso.tools.linux_11.8.1.202308071233/tools/bin/../lib/gcc/arm-none-eabi/12.2.1/../../../../arm-none-eabi/lib/thumb/v8-m.main+fp/hard/libc_nano.a(libc_a-strlen.o)
                0x00000000000488d0                strlen
 .text.memset   0x00000000000488e0       0x10 /usr/local/mcuxpressoide-11.8.1_1197/ide/plugins/com.nxp.mcuxpresso.tools.linux_11.8.1.202308071233/tools/bin/../lib/gcc/arm-none-eabi/12.2.1/../../../../arm-none-eabi/lib/thumb/v8-m.main+fp/hard/libc_nano.a(libc_a-memset.o)
                0x00000000000488e0                memset
 .text.__retarget_lock_acquire_recursive
                0x00000000000488f0        0x2 /usr/local/mcuxpressoide-11.8.1_1197/ide/plugins/com.nxp.mcuxpresso.tools.linux_11.8.1.202308071233/tools/bin/../lib/gcc/arm-none-eabi/12.2.1/../../../../arm-none-eabi/lib/thumb/v8-m.main+fp/hard/libc_nano.a(libc_a-lock.o)
                0x00000000000488f0                __retarget_lock_acquire_recursive
 .text.__retarget_lock_release_recursive
                0x00000000000488f2        0x2 /usr/local/mcuxpressoide-11.8.1_1197/ide/plugins/com.nxp.mcuxpresso.tools.linux_11.8.1.202308071233/tools/bin/../lib/gcc/arm-none-eabi/12.2.1/../../../../arm-none-eabi/lib/thumb/v8-m.main+fp/hard/libc_nano.a(libc_a-lock.o)
                0x00000000000488f2                __retarget_lock_release_recursive
 .text.__ssputs_r
                0x00000000000488f4       0xb6 /usr/local/mcuxpressoide-11.8.1_1197/ide/plugins/com.nxp.mcuxpresso.tools.linux_11.8.1.202308071233/tools/bin/../lib/gcc/arm-none-eabi/12.2.1/../../../../arm-none-eabi/lib/thumb/v8-m.main+fp/hard/libc_nano.a(libc_a-nano-svfprintf.o)
                0x00000000000488f4                __ssputs_r
 .text._printf_common
                0x00000000000489aa       0xe4 /usr/local/mcuxpressoide-11.8.1_1197/ide/plugins/com.nxp.mcuxpresso.tools.linux_11.8.1.202308071233/tools/bin/../lib/gcc/arm-none-eabi/12.2.1/../../../../arm-none-eabi/lib/thumb/v8-m.main+fp/hard/libc_nano.a(libc_a-nano-vfprintf_i.o)
                0x00000000000489aa                _printf_common
 .text.memchr   0x0000000000048a8e       0x1c /usr/local/mcuxpressoide-11.8.1_1197/ide/plugins/com.nxp.mcuxpresso.tools.linux_11.8.1.202308071233/tools/bin/../lib/gcc/arm-none-eabi/12.2.1/../../../../arm-none-eabi/lib/thumb/v8-m.main+fp/hard/libc_nano.a(libc_a-memchr-stub.o)
                0x0000000000048a8e                memchr
 .text.memmove  0x0000000000048aaa       0x34 /usr/local/mcuxpressoide-11.8.1_1197/ide/plugins/com.nxp.mcuxpresso.tools.linux_11.8.1.202308071233/tools/bin/../lib/gcc/arm-none-eabi/12.2.1/../../../../arm-none-eabi/lib/thumb/v8-m.main+fp/hard/libc_nano.a(libc_a-memmove.o)
                0x0000000000048aaa                memmove
 .text._realloc_r
                0x0000000000048ade       0x5c /usr/local/mcuxpressoide-11.8.1_1197/ide/plugins/com.nxp.mcuxpresso.tools.linux_11.8.1.202308071233/tools/bin/../lib/gcc/arm-none-eabi/12.2.1/../../../../arm-none-eabi/lib/thumb/v8-m.main+fp/hard/libc_nano.a(libc_a-reallocr.o)
                0x0000000000048ade                _realloc_r
 .text._malloc_usable_size_r
                0x0000000000048b3a       0x10 /usr/local/mcuxpressoide-11.8.1_1197/ide/plugins/com.nxp.mcuxpresso.tools.linux_11.8.1.202308071233/tools/bin/../lib/gcc/arm-none-eabi/12.2.1/../../../../arm-none-eabi/lib/thumb/v8-m.main+fp/hard/libc_nano.a(libc_a-msizer.o)
                0x0000000000048b3a                _malloc_usable_size_r
 *fill*         0x0000000000048b4a        0x6 
 .text._malloc_usable_size_r.__stub
                0x0000000000048b50       0x20 linker stubs
 *freertos*/tasks.o(SORT_BY_ALIGNMENT(.rodata*))
 *fill*         0x0000000000048b70        0x0 
 .rodata.str1.4
                0x0000000000048b70       0x23 ./freertos/freertos_kernel/tasks.o
 *fill*         0x0000000000048b93        0x1 
 .rodata        0x0000000000048b94       0x1c ./freertos/freertos_kernel/tasks.o
                0x0000000000048b94                portArch_Name
                0x0000000000048b98                FreeRTOSDebugConfig
 *(SORT_BY_ALIGNMENT(.rodata) SORT_BY_ALIGNMENT(.rodata.*) SORT_BY_ALIGNMENT(.constdata) SORT_BY_ALIGNMENT(.constdata.*))
 .rodata.__assert_func.str1.4
                0x0000000000048bb0       0x3e ./utilities/fsl_assert.o
 *fill*         0x0000000000048bee        0x2 
 .rodata.prvCreateTasks.str1.4
                0x0000000000048bf0       0x12 ./source/main_ns.o
 *fill*         0x0000000000048c02        0x2 
 .rodata.str1.4
                0x0000000000048c04        0x8 ./freertos/freertos_kernel/timers.o
 .rodata.s_flexcommBaseAddrs
                0x0000000000048c0c       0x24 ./drivers/fsl_flexcomm.o
 .rodata.FLEXCOMM_GetInstance.str1.4
                0x0000000000048c30       0x3f ./drivers/fsl_flexcomm.o
 *fill*         0x0000000000048c6f        0x1 
 .rodata.FLEXCOMM0_DriverIRQHandler.str1.4
                0x0000000000048c70       0x27 ./drivers/fsl_flexcomm.o
 *fill*         0x0000000000048c97        0x1 
 .rodata.__func__.9
                0x0000000000048c98       0x15 ./drivers/fsl_flexcomm.o
 *fill*         0x0000000000048cad        0x3 
 .rodata.__func__.8
                0x0000000000048cb0       0x1b ./drivers/fsl_flexcomm.o
 *fill*         0x0000000000048ccb        0x1 
 .rodata.__func__.7
                0x0000000000048ccc       0x1b ./drivers/fsl_flexcomm.o
 *fill*         0x0000000000048ce7        0x1 
 .rodata.__func__.6
                0x0000000000048ce8       0x1b ./drivers/fsl_flexcomm.o
 *fill*         0x0000000000048d03        0x1 
 .rodata.__func__.5
                0x0000000000048d04       0x1b ./drivers/fsl_flexcomm.o
 *fill*         0x0000000000048d1f        0x1 
 .rodata.__func__.4
                0x0000000000048d20       0x1b ./drivers/fsl_flexcomm.o
 *fill*         0x0000000000048d3b        0x1 
 .rodata.__func__.3
                0x0000000000048d3c       0x1b ./drivers/fsl_flexcomm.o
 *fill*         0x0000000000048d57        0x1 
 .rodata.__func__.2
                0x0000000000048d58       0x1b ./drivers/fsl_flexcomm.o
 *fill*         0x0000000000048d73        0x1 
 .rodata.__func__.1
                0x0000000000048d74       0x1b ./drivers/fsl_flexcomm.o
 *fill*         0x0000000000048d8f        0x1 
 .rodata.__func__.0
                0x0000000000048d90       0x1b ./drivers/fsl_flexcomm.o
 *fill*         0x0000000000048dab        0x1 
 .rodata.USART_GetInstance.str1.4
                0x0000000000048dac       0x38 ./drivers/fsl_usart.o
 .rodata.USART_WriteBlocking.str1.4
                0x0000000000048de4       0x24 ./drivers/fsl_usart.o
 .rodata.__func__.9
                0x0000000000048e08       0x14 ./drivers/fsl_usart.o
 .rodata.s_UsartAdapterBase
                0x0000000000048e1c       0x20 ./component/uart/fsl_adapter_usart.o
 .rodata.HAL_UartInitCommon.str1.4
                0x0000000000048e3c       0x91 ./component/uart/fsl_adapter_usart.o
 *fill*         0x0000000000048ecd        0x3 
 .rodata.HAL_UartReceiveBlocking.str1.4
                0x0000000000048ed0        0xf ./component/uart/fsl_adapter_usart.o
 *fill*         0x0000000000048edf        0x1 
 .rodata.__func__.2
                0x0000000000048ee0       0x15 ./component/uart/fsl_adapter_usart.o
 .rodata._svfprintf_r.str1.1
                0x0000000000048ef5       0x11 /usr/local/mcuxpressoide-11.8.1_1197/ide/plugins/com.nxp.mcuxpresso.tools.linux_11.8.1.202308071233/tools/bin/../lib/gcc/arm-none-eabi/12.2.1/../../../../arm-none-eabi/lib/thumb/v8-m.main+fp/hard/libc_nano.a(libc_a-nano-svfprintf.o)
 .rodata._printf_i.str1.1
                0x0000000000048f06       0x22 /usr/local/mcuxpressoide-11.8.1_1197/ide/plugins/com.nxp.mcuxpresso.tools.linux_11.8.1.202308071233/tools/bin/../lib/gcc/arm-none-eabi/12.2.1/../../../../arm-none-eabi/lib/thumb/v8-m.main+fp/hard/libc_nano.a(libc_a-nano-vfprintf_i.o)
                0x0000000000048f28                . = ALIGN (0x4)

.rel.dyn        0x0000000000048f28        0x0
 .rel.iplt      0x0000000000048f28        0x0 ./utilities/fsl_assert.o

.ARM.extab
 *(SORT_BY_ALIGNMENT(.ARM.extab*) SORT_BY_ALIGNMENT(.gnu.linkonce.armextab.*))
                0x0000000000048f28                __exidx_start = .

.ARM.exidx
 *(SORT_BY_ALIGNMENT(.ARM.exidx*) SORT_BY_ALIGNMENT(.gnu.linkonce.armexidx.*))
                0x0000000000048f28                __exidx_end = .
                0x0000000000048f40                . = ALIGN (0x20)
                0x0000000000048f3f                __unprivileged_flash_end__ = (. - 0x1)
                0x0000000000048f40                _etext = .

.uninit_RESERVED
                0x0000000020030000        0x0
                0x0000000020030000                _start_uninit_RESERVED = .
 *(SORT_BY_ALIGNMENT(.bss.$RESERVED*))
                0x0000000020030000                . = ALIGN (0x4)
                0x0000000020030000                _end_uninit_RESERVED = .

.data           0x0000000020030000     0xca78 load address 0x0000000000048f28
 FILL mask 0xff
                0x0000000020030000                _data = .
 *(SORT_BY_ALIGNMENT(vtable))
 *(SORT_BY_ALIGNMENT(.ramfunc*))
                0x0000000020030000                . = ALIGN (0x20)
                0x0000000020030000                __privileged_sram_start__ = .
 *(SORT_BY_ALIGNMENT(privileged_data))
 privileged_data
                0x0000000020030000     0xc820 ./freertos/freertos_kernel/portable/MemMang/heap_4.o
 privileged_data
                0x000000002003c820        0x8 ./freertos/freertos_kernel/portable/GCC/ARM_CM33/non_secure/port.o
                0x000000002003c824                xSecureContext
 privileged_data
                0x000000002003c828      0x104 ./freertos/freertos_kernel/tasks.o
                0x000000002003c828                pxCurrentTCB
 privileged_data
                0x000000002003c92c       0xdc ./freertos/freertos_kernel/timers.o
 *(SORT_BY_ALIGNMENT(privileged_data*))
                0x000000002003ca20                . = ALIGN (0x20)
 *fill*         0x000000002003ca08       0x18 ff
                0x000000002003ca1f                __privileged_sram_end__ = (. - 0x1)
 *(SORT_BY_ALIGNMENT(.data*))
 .data.uxTopUsedPriority
                0x000000002003ca20        0x4 ./freertos/freertos_kernel/tasks.o
                0x000000002003ca20                uxTopUsedPriority
 .data.SystemCoreClock
                0x000000002003ca24        0x4 ./device/system_LPC55S69_cm33_core0.o
                0x000000002003ca24                SystemCoreClock
 .data._impure_ptr
                0x000000002003ca28        0x4 /usr/local/mcuxpressoide-11.8.1_1197/ide/plugins/com.nxp.mcuxpresso.tools.linux_11.8.1.202308071233/tools/bin/../lib/gcc/arm-none-eabi/12.2.1/../../../../arm-none-eabi/lib/thumb/v8-m.main+fp/hard/libc_nano.a(libc_a-impure.o)
                0x000000002003ca28                _impure_ptr
 .data._impure_data
                0x000000002003ca2c       0x4c /usr/local/mcuxpressoide-11.8.1_1197/ide/plugins/com.nxp.mcuxpresso.tools.linux_11.8.1.202308071233/tools/bin/../lib/gcc/arm-none-eabi/12.2.1/../../../../arm-none-eabi/lib/thumb/v8-m.main+fp/hard/libc_nano.a(libc_a-impure.o)
                0x000000002003ca2c                _impure_data
                0x000000002003ca78                . = ALIGN (0x4)
                0x000000002003ca78                _edata = .

.igot.plt       0x000000002003ca78        0x0 load address 0x00000000000559a0
 .igot.plt      0x000000002003ca78        0x0 ./utilities/fsl_assert.o

.bss            0x000000002003ca78      0x5dc
                0x000000002003ca78                _bss = .
                [!provide]                        PROVIDE (__start_bss_RAM = .)
                [!provide]                        PROVIDE (__start_bss_Ram0 = .)
 *(SORT_BY_ALIGNMENT(.bss*))
 .bss.s_debugConsoleState
                0x000000002003ca78       0x20 ./utilities/fsl_debug_console.o
 .bss.g_serialHandle
                0x000000002003ca98        0x4 ./utilities/fsl_debug_console.o
                0x000000002003ca98                g_serialHandle
 .bss.ulNonSecureCounter
                0x000000002003ca9c        0x4 ./source/main_ns.o
 .bss.xIdleTaskTCB.3
                0x000000002003caa0       0x7c ./source/main_ns.o
 .bss.uxIdleTaskStack.2
                0x000000002003cb1c      0x2f8 ./source/main_ns.o
 .bss.xTimerTaskTCB.1
                0x000000002003ce14       0x7c ./source/main_ns.o
 .bss.uxTimerTaskStack.0
                0x000000002003ce90      0x168 ./source/main_ns.o
 .bss.s_flexcommIrqHandler
                0x000000002003cff8       0x24 ./drivers/fsl_flexcomm.o
 .bss.s_flexcommHandle
                0x000000002003d01c       0x24 ./drivers/fsl_flexcomm.o
 .bss.__malloc_sbrk_start
                0x000000002003d040        0x4 /usr/local/mcuxpressoide-11.8.1_1197/ide/plugins/com.nxp.mcuxpresso.tools.linux_11.8.1.202308071233/tools/bin/../lib/gcc/arm-none-eabi/12.2.1/../../../../arm-none-eabi/lib/thumb/v8-m.main+fp/hard/libc_nano.a(libc_a-mallocr.o)
                0x000000002003d040                __malloc_sbrk_start
 .bss.__malloc_free_list
                0x000000002003d044        0x4 /usr/local/mcuxpressoide-11.8.1_1197/ide/plugins/com.nxp.mcuxpresso.tools.linux_11.8.1.202308071233/tools/bin/../lib/gcc/arm-none-eabi/12.2.1/../../../../arm-none-eabi/lib/thumb/v8-m.main+fp/hard/libc_nano.a(libc_a-mallocr.o)
                0x000000002003d044                __malloc_free_list
 .bss.errno     0x000000002003d048        0x4 /usr/local/mcuxpressoide-11.8.1_1197/ide/plugins/com.nxp.mcuxpresso.tools.linux_11.8.1.202308071233/tools/bin/../lib/gcc/arm-none-eabi/12.2.1/../../../../arm-none-eabi/lib/thumb/v8-m.main+fp/hard/libc_nano.a(libc_a-reent.o)
                0x000000002003d048                errno
 .bss.__end_of_heap
                0x000000002003d04c        0x4 /usr/local/mcuxpressoide-11.8.1_1197/ide/plugins/com.nxp.mcuxpresso.tools.linux_11.8.1.202308071233/tools/bin/../lib/gcc/arm-none-eabi/12.2.1/../../../../arm-none-eabi/lib/thumb/v8-m.main+fp/hard/libcr_newlib_nohost.a(_cr_sbrk.o)
                0x000000002003d04c                __end_of_heap
 .bss.__lock___malloc_recursive_mutex
                0x000000002003d050        0x1 /usr/local/mcuxpressoide-11.8.1_1197/ide/plugins/com.nxp.mcuxpresso.tools.linux_11.8.1.202308071233/tools/bin/../lib/gcc/arm-none-eabi/12.2.1/../../../../arm-none-eabi/lib/thumb/v8-m.main+fp/hard/libc_nano.a(libc_a-lock.o)
                0x000000002003d050                __lock___malloc_recursive_mutex
 *(SORT_BY_ALIGNMENT(COMMON))
                0x000000002003d054                . = ALIGN (0x4)
 *fill*         0x000000002003d051        0x3 
                0x000000002003d054                _ebss = .
                [!provide]                        PROVIDE (__end_bss_RAM = .)
                [!provide]                        PROVIDE (__end_bss_Ram0 = .)
                [!provide]                        PROVIDE (end = .)

.noinit         0x000000002003d054        0x0
                0x000000002003d054                _noinit = .
                [!provide]                        PROVIDE (__start_noinit_RAM = .)
                [!provide]                        PROVIDE (__start_noinit_Ram0 = .)
 *(SORT_BY_ALIGNMENT(.noinit*))
                0x000000002003d054                . = ALIGN (0x4)
                0x000000002003d054                _end_noinit = .
                [!provide]                        PROVIDE (__end_noinit_RAM = .)
                [!provide]                        PROVIDE (__end_noinit_Ram0 = .)
                0x0000000000001000                _HeapSize = 0x1000

.heap           0x000000002003d054     0x1000
                0x000000002003d054                _pvHeapStart = .
                0x000000002003e054                . = (. + _HeapSize)
 *fill*         0x000000002003d054     0x1000 
                0x000000002003e054                . = ALIGN (0x4)
                0x000000002003e054                _pvHeapLimit = .
                0x0000000000001000                _StackSize = 0x1000

.heap2stackfill
                0x000000002003e054     0x1000
                0x000000002003f054                . = (. + _StackSize)
 *fill*         0x000000002003e054     0x1000 

.stack          0x0000000020043000        0x0
                0x0000000020043000                _vStackBase = .
                0x0000000020043000                . = ALIGN (0x4)
                0x0000000020044000                _vStackTop = (. + _StackSize)
                [!provide]                        PROVIDE (__valid_user_code_checksum = (0x0 - ((((((_vStackTop + (ResetISR + 0x1)) + (NMI_Handler + 0x1)) + (HardFault_Handler + 0x1)) + (DEFINED (MemManage_Handler)?MemManage_Handler:0x0 + 0x1)) + (DEFINED (BusFault_Handler)?BusFault_Handler:0x0 + 0x1)) + (DEFINED (UsageFault_Handler)?UsageFault_Handler:0x0 + 0x1))))
                0x0000000000040000                _image_start = LOADADDR (.text)
                0x00000000000559a0                _image_end = (LOADADDR (.data) + SIZEOF (.data))
                0x00000000000159a0                _image_size = (_image_end - _image_start)
OUTPUT(freertos_blinky_ns.axf elf32-littlearm)
LOAD linker stubs

.debug_info     0x0000000000000000    0x13f5d
 .debug_info    0x0000000000000000       0xef ./utilities/fsl_assert.o
 .debug_info    0x00000000000000ef      0xe43 ./utilities/fsl_debug_console.o
 .debug_info    0x0000000000000f32      0xb8d ./utilities/fsl_str.o
 .debug_info    0x0000000000001abf      0x9d4 ./startup/startup_lpc55s69_cm33_core0.o
 .debug_info    0x0000000000002493     0x1028 ./source/main_ns.o
 .debug_info    0x00000000000034bb      0x452 ./freertos/freertos_kernel/portable/MemMang/heap_4.o
 .debug_info    0x000000000000390d      0x627 ./freertos/freertos_kernel/portable/GCC/ARM_CM33/non_secure/port.o
 .debug_info    0x0000000000003f34      0x19a ./freertos/freertos_kernel/portable/GCC/ARM_CM33/non_secure/portasm.o
 .debug_info    0x00000000000040ce     0x2a9a ./freertos/freertos_kernel/portable/Common/mpu_wrappers.o
 .debug_info    0x0000000000006b68      0xa41 ./freertos/freertos_kernel/event_groups.o
 .debug_info    0x00000000000075a9      0x2be ./freertos/freertos_kernel/list.o
 .debug_info    0x0000000000007867     0x149f ./freertos/freertos_kernel/queue.o
 .debug_info    0x0000000000008d06      0xf5a ./freertos/freertos_kernel/stream_buffer.o
 .debug_info    0x0000000000009c60     0x2128 ./freertos/freertos_kernel/tasks.o
 .debug_info    0x000000000000bd88     0x13bf ./freertos/freertos_kernel/timers.o
 .debug_info    0x000000000000d147     0x1c03 ./drivers/fsl_flexcomm.o
 .debug_info    0x000000000000ed4a     0x1ab3 ./drivers/fsl_usart.o
 .debug_info    0x00000000000107fd     0x14be ./device/system_LPC55S69_cm33_core0.o
 .debug_info    0x0000000000011cbb      0xdf5 ./component/uart/fsl_adapter_usart.o
 .debug_info    0x0000000000012ab0      0xdc2 ./component/serial_manager/fsl_component_serial_manager.o
 .debug_info    0x0000000000013872      0x53e ./component/serial_manager/fsl_component_serial_port_uart.o
 .debug_info    0x0000000000013db0      0x13b /usr/local/mcuxpressoide-11.8.1_1197/ide/plugins/com.nxp.mcuxpresso.tools.linux_11.8.1.202308071233/tools/bin/../lib/gcc/arm-none-eabi/12.2.1/../../../../arm-none-eabi/lib/thumb/v8-m.main+fp/hard/libcr_newlib_nohost.a(_cr_sbrk.o)
 .debug_info    0x0000000000013eeb       0x72 /usr/local/mcuxpressoide-11.8.1_1197/ide/plugins/com.nxp.mcuxpresso.tools.linux_11.8.1.202308071233/tools/bin/../lib/gcc/arm-none-eabi/12.2.1/../../../../arm-none-eabi/lib/thumb/v8-m.main+fp/hard/libcr_newlib_nohost.a(_cr_check_heap.o)

.debug_abbrev   0x0000000000000000     0x31dd
 .debug_abbrev  0x0000000000000000       0x8e ./utilities/fsl_assert.o
 .debug_abbrev  0x000000000000008e      0x270 ./utilities/fsl_debug_console.o
 .debug_abbrev  0x00000000000002fe      0x26b ./utilities/fsl_str.o
 .debug_abbrev  0x0000000000000569      0x167 ./startup/startup_lpc55s69_cm33_core0.o
 .debug_abbrev  0x00000000000006d0      0x339 ./source/main_ns.o
 .debug_abbrev  0x0000000000000a09      0x1c5 ./freertos/freertos_kernel/portable/MemMang/heap_4.o
 .debug_abbrev  0x0000000000000bce      0x291 ./freertos/freertos_kernel/portable/GCC/ARM_CM33/non_secure/port.o
 .debug_abbrev  0x0000000000000e5f       0xef ./freertos/freertos_kernel/portable/GCC/ARM_CM33/non_secure/portasm.o
 .debug_abbrev  0x0000000000000f4e      0x281 ./freertos/freertos_kernel/portable/Common/mpu_wrappers.o
 .debug_abbrev  0x00000000000011cf      0x270 ./freertos/freertos_kernel/event_groups.o
 .debug_abbrev  0x000000000000143f       0xf2 ./freertos/freertos_kernel/list.o
 .debug_abbrev  0x0000000000001531      0x2f2 ./freertos/freertos_kernel/queue.o
 .debug_abbrev  0x0000000000001823      0x2e5 ./freertos/freertos_kernel/stream_buffer.o
 .debug_abbrev  0x0000000000001b08      0x363 ./freertos/freertos_kernel/tasks.o
 .debug_abbrev  0x0000000000001e6b      0x31d ./freertos/freertos_kernel/timers.o
 .debug_abbrev  0x0000000000002188      0x2fa ./drivers/fsl_flexcomm.o
 .debug_abbrev  0x0000000000002482      0x35c ./drivers/fsl_usart.o
 .debug_abbrev  0x00000000000027de      0x216 ./device/system_LPC55S69_cm33_core0.o
 .debug_abbrev  0x00000000000029f4      0x238 ./component/uart/fsl_adapter_usart.o
 .debug_abbrev  0x0000000000002c2c      0x2b7 ./component/serial_manager/fsl_component_serial_manager.o
 .debug_abbrev  0x0000000000002ee3      0x18c ./component/serial_manager/fsl_component_serial_port_uart.o
 .debug_abbrev  0x000000000000306f      0x104 /usr/local/mcuxpressoide-11.8.1_1197/ide/plugins/com.nxp.mcuxpresso.tools.linux_11.8.1.202308071233/tools/bin/../lib/gcc/arm-none-eabi/12.2.1/../../../../arm-none-eabi/lib/thumb/v8-m.main+fp/hard/libcr_newlib_nohost.a(_cr_sbrk.o)
 .debug_abbrev  0x0000000000003173       0x6a /usr/local/mcuxpressoide-11.8.1_1197/ide/plugins/com.nxp.mcuxpresso.tools.linux_11.8.1.202308071233/tools/bin/../lib/gcc/arm-none-eabi/12.2.1/../../../../arm-none-eabi/lib/thumb/v8-m.main+fp/hard/libcr_newlib_nohost.a(_cr_check_heap.o)

.debug_aranges  0x0000000000000000     0x1198
 .debug_aranges
                0x0000000000000000       0x20 ./utilities/fsl_assert.o
 .debug_aranges
                0x0000000000000020       0xa8 ./utilities/fsl_debug_console.o
 .debug_aranges
                0x00000000000000c8       0xb8 ./utilities/fsl_str.o
 .debug_aranges
                0x0000000000000180      0x268 ./startup/startup_lpc55s69_cm33_core0.o
 .debug_aranges
                0x00000000000003e8       0x70 ./source/main_ns.o
 .debug_aranges
                0x0000000000000458       0x58 ./freertos/freertos_kernel/portable/MemMang/heap_4.o
 .debug_aranges
                0x00000000000004b0       0x88 ./freertos/freertos_kernel/portable/GCC/ARM_CM33/non_secure/port.o
 .debug_aranges
                0x0000000000000538       0x70 ./freertos/freertos_kernel/portable/GCC/ARM_CM33/non_secure/portasm.o
 .debug_aranges
                0x00000000000005a8      0x270 ./freertos/freertos_kernel/portable/Common/mpu_wrappers.o
 .debug_aranges
                0x0000000000000818       0x90 ./freertos/freertos_kernel/event_groups.o
 .debug_aranges
                0x00000000000008a8       0x40 ./freertos/freertos_kernel/list.o
 .debug_aranges
                0x00000000000008e8      0x130 ./freertos/freertos_kernel/queue.o
 .debug_aranges
                0x0000000000000a18       0xe0 ./freertos/freertos_kernel/stream_buffer.o
 .debug_aranges
                0x0000000000000af8      0x220 ./freertos/freertos_kernel/tasks.o
 .debug_aranges
                0x0000000000000d18       0xf0 ./freertos/freertos_kernel/timers.o
 .debug_aranges
                0x0000000000000e08       0x90 ./drivers/fsl_flexcomm.o
 .debug_aranges
                0x0000000000000e98       0xf8 ./drivers/fsl_usart.o
 .debug_aranges
                0x0000000000000f90       0x88 ./device/system_LPC55S69_cm33_core0.o
 .debug_aranges
                0x0000000000001018       0x58 ./component/uart/fsl_adapter_usart.o
 .debug_aranges
                0x0000000000001070       0xa0 ./component/serial_manager/fsl_component_serial_manager.o
 .debug_aranges
                0x0000000000001110       0x48 ./component/serial_manager/fsl_component_serial_port_uart.o
 .debug_aranges
                0x0000000000001158       0x20 /usr/local/mcuxpressoide-11.8.1_1197/ide/plugins/com.nxp.mcuxpresso.tools.linux_11.8.1.202308071233/tools/bin/../lib/gcc/arm-none-eabi/12.2.1/../../../../arm-none-eabi/lib/thumb/v8-m.main+fp/hard/libcr_newlib_nohost.a(_cr_sbrk.o)
 .debug_aranges
                0x0000000000001178       0x20 /usr/local/mcuxpressoide-11.8.1_1197/ide/plugins/com.nxp.mcuxpresso.tools.linux_11.8.1.202308071233/tools/bin/../lib/gcc/arm-none-eabi/12.2.1/../../../../arm-none-eabi/lib/thumb/v8-m.main+fp/hard/libcr_newlib_nohost.a(_cr_check_heap.o)

.debug_ranges   0x0000000000000000     0x1038
 .debug_ranges  0x0000000000000000       0x10 ./utilities/fsl_assert.o
 .debug_ranges  0x0000000000000010       0x98 ./utilities/fsl_debug_console.o
 .debug_ranges  0x00000000000000a8       0xd8 ./utilities/fsl_str.o
 .debug_ranges  0x0000000000000180      0x258 ./startup/startup_lpc55s69_cm33_core0.o
 .debug_ranges  0x00000000000003d8       0x60 ./source/main_ns.o
 .debug_ranges  0x0000000000000438       0x48 ./freertos/freertos_kernel/portable/MemMang/heap_4.o
 .debug_ranges  0x0000000000000480       0x78 ./freertos/freertos_kernel/portable/GCC/ARM_CM33/non_secure/port.o
 .debug_ranges  0x00000000000004f8       0x60 ./freertos/freertos_kernel/portable/GCC/ARM_CM33/non_secure/portasm.o
 .debug_ranges  0x0000000000000558      0x260 ./freertos/freertos_kernel/portable/Common/mpu_wrappers.o
 .debug_ranges  0x00000000000007b8       0x80 ./freertos/freertos_kernel/event_groups.o
 .debug_ranges  0x0000000000000838       0x30 ./freertos/freertos_kernel/list.o
 .debug_ranges  0x0000000000000868      0x120 ./freertos/freertos_kernel/queue.o
 .debug_ranges  0x0000000000000988       0xd0 ./freertos/freertos_kernel/stream_buffer.o
 .debug_ranges  0x0000000000000a58      0x210 ./freertos/freertos_kernel/tasks.o
 .debug_ranges  0x0000000000000c68       0xe0 ./freertos/freertos_kernel/timers.o
 .debug_ranges  0x0000000000000d48       0x80 ./drivers/fsl_flexcomm.o
 .debug_ranges  0x0000000000000dc8       0xe8 ./drivers/fsl_usart.o
 .debug_ranges  0x0000000000000eb0       0x78 ./device/system_LPC55S69_cm33_core0.o
 .debug_ranges  0x0000000000000f28       0x48 ./component/uart/fsl_adapter_usart.o
 .debug_ranges  0x0000000000000f70       0x90 ./component/serial_manager/fsl_component_serial_manager.o
 .debug_ranges  0x0000000000001000       0x38 ./component/serial_manager/fsl_component_serial_port_uart.o

.debug_macro    0x0000000000000000    0x19b3c
 .debug_macro   0x0000000000000000      0x2ab ./utilities/fsl_assert.o
 .debug_macro   0x00000000000002ab      0xafc ./utilities/fsl_assert.o
 .debug_macro   0x0000000000000da7       0x22 ./utilities/fsl_assert.o
 .debug_macro   0x0000000000000dc9       0x5b ./utilities/fsl_assert.o
 .debug_macro   0x0000000000000e24       0x2a ./utilities/fsl_assert.o
 .debug_macro   0x0000000000000e4e       0x94 ./utilities/fsl_assert.o
 .debug_macro   0x0000000000000ee2       0x43 ./utilities/fsl_assert.o
 .debug_macro   0x0000000000000f25       0x34 ./utilities/fsl_assert.o
 .debug_macro   0x0000000000000f59       0x16 ./utilities/fsl_assert.o
 .debug_macro   0x0000000000000f6f       0x22 ./utilities/fsl_assert.o
 .debug_macro   0x0000000000000f91      0x34e ./utilities/fsl_assert.o
 .debug_macro   0x00000000000012df      0x182 ./utilities/fsl_assert.o
 .debug_macro   0x0000000000001461       0x16 ./utilities/fsl_assert.o
 .debug_macro   0x0000000000001477       0x43 ./utilities/fsl_assert.o
 .debug_macro   0x00000000000014ba       0x57 ./utilities/fsl_assert.o
 .debug_macro   0x0000000000001511       0x34 ./utilities/fsl_assert.o
 .debug_macro   0x0000000000001545       0x10 ./utilities/fsl_assert.o
 .debug_macro   0x0000000000001555       0x58 ./utilities/fsl_assert.o
 .debug_macro   0x00000000000015ad       0x8e ./utilities/fsl_assert.o
 .debug_macro   0x000000000000163b       0x10 ./utilities/fsl_assert.o
 .debug_macro   0x000000000000164b      0x177 ./utilities/fsl_assert.o
 .debug_macro   0x00000000000017c2      0x385 ./utilities/fsl_assert.o
 .debug_macro   0x0000000000001b47       0x10 ./utilities/fsl_assert.o
 .debug_macro   0x0000000000001b57       0x35 ./utilities/fsl_assert.o
 .debug_macro   0x0000000000001b8c       0x16 ./utilities/fsl_assert.o
 .debug_macro   0x0000000000001ba2       0x16 ./utilities/fsl_assert.o
 .debug_macro   0x0000000000001bb8       0x29 ./utilities/fsl_assert.o
 .debug_macro   0x0000000000001be1       0x10 ./utilities/fsl_assert.o
 .debug_macro   0x0000000000001bf1       0x46 ./utilities/fsl_assert.o
 .debug_macro   0x0000000000001c37       0x1c ./utilities/fsl_assert.o
 .debug_macro   0x0000000000001c53       0x29 ./utilities/fsl_assert.o
 .debug_macro   0x0000000000001c7c       0xfb ./utilities/fsl_assert.o
 .debug_macro   0x0000000000001d77     0x167e ./utilities/fsl_assert.o
 .debug_macro   0x00000000000033f5       0x5e ./utilities/fsl_assert.o
 .debug_macro   0x0000000000003453       0x2e ./utilities/fsl_assert.o
 .debug_macro   0x0000000000003481    0x116c8 ./utilities/fsl_assert.o
 .debug_macro   0x0000000000014b49      0x44a ./utilities/fsl_assert.o
 .debug_macro   0x0000000000014f93       0x7a ./utilities/fsl_assert.o
 .debug_macro   0x000000000001500d       0xa8 ./utilities/fsl_assert.o
 .debug_macro   0x00000000000150b5      0x2ca ./utilities/fsl_assert.o
 .debug_macro   0x000000000001537f       0xee ./utilities/fsl_assert.o
 .debug_macro   0x000000000001546d       0x70 ./utilities/fsl_assert.o
 .debug_macro   0x00000000000154dd      0x18d ./utilities/fsl_assert.o
 .debug_macro   0x000000000001566a      0x15a ./utilities/fsl_assert.o
 .debug_macro   0x00000000000157c4      0x1cd ./utilities/fsl_assert.o
 .debug_macro   0x0000000000015991      0x265 ./utilities/fsl_assert.o
 .debug_macro   0x0000000000015bf6      0x480 ./utilities/fsl_assert.o
 .debug_macro   0x0000000000016076       0x40 ./utilities/fsl_assert.o
 .debug_macro   0x00000000000160b6       0x16 ./utilities/fsl_assert.o
 .debug_macro   0x00000000000160cc       0x6d ./utilities/fsl_assert.o
 .debug_macro   0x0000000000016139       0x16 ./utilities/fsl_assert.o
 .debug_macro   0x000000000001614f       0x58 ./utilities/fsl_assert.o
 .debug_macro   0x00000000000161a7       0x1c ./utilities/fsl_assert.o
 .debug_macro   0x00000000000161c3      0x344 ./utilities/fsl_debug_console.o
 .debug_macro   0x0000000000016507      0x11c ./utilities/fsl_debug_console.o
 .debug_macro   0x0000000000016623       0x8d ./utilities/fsl_debug_console.o
 .debug_macro   0x00000000000166b0      0x18d ./utilities/fsl_debug_console.o
 .debug_macro   0x000000000001683d       0xb5 ./utilities/fsl_debug_console.o
 .debug_macro   0x00000000000168f2      0x120 ./utilities/fsl_debug_console.o
 .debug_macro   0x0000000000016a12       0x87 ./utilities/fsl_debug_console.o
 .debug_macro   0x0000000000016a99       0x9a ./utilities/fsl_debug_console.o
 .debug_macro   0x0000000000016b33       0x16 ./utilities/fsl_debug_console.o
 .debug_macro   0x0000000000016b49       0x57 ./utilities/fsl_debug_console.o
 .debug_macro   0x0000000000016ba0       0x46 ./utilities/fsl_debug_console.o
 .debug_macro   0x0000000000016be6       0x34 ./utilities/fsl_debug_console.o
 .debug_macro   0x0000000000016c1a      0x25f ./utilities/fsl_str.o
 .debug_macro   0x0000000000016e79      0x19b ./utilities/fsl_str.o
 .debug_macro   0x0000000000017014       0x10 ./utilities/fsl_str.o
 .debug_macro   0x0000000000017024      0x242 ./utilities/fsl_str.o
 .debug_macro   0x0000000000017266       0x5d ./utilities/fsl_str.o
 .debug_macro   0x00000000000172c3       0x29 ./startup/startup_lpc55s69_cm33_core0.o
 .debug_macro   0x00000000000172ec      0x29b ./source/main_ns.o
 .debug_macro   0x0000000000017587       0x2f ./source/main_ns.o
 .debug_macro   0x00000000000175b6      0x304 ./source/main_ns.o
 .debug_macro   0x00000000000178ba      0x197 ./freertos/freertos_kernel/portable/MemMang/heap_4.o
 .debug_macro   0x0000000000017a51       0x2d ./freertos/freertos_kernel/portable/MemMang/heap_4.o
 .debug_macro   0x0000000000017a7e      0x2bd ./freertos/freertos_kernel/portable/GCC/ARM_CM33/non_secure/port.o
 .debug_macro   0x0000000000017d3b       0x16 ./freertos/freertos_kernel/portable/GCC/ARM_CM33/non_secure/port.o
 .debug_macro   0x0000000000017d51       0x94 ./freertos/freertos_kernel/portable/GCC/ARM_CM33/non_secure/portasm.o
 .debug_macro   0x0000000000017de5       0xe2 ./freertos/freertos_kernel/portable/Common/mpu_wrappers.o
 .debug_macro   0x0000000000017ec7       0x97 ./freertos/freertos_kernel/portable/Common/mpu_wrappers.o
 .debug_macro   0x0000000000017f5e       0x18 ./freertos/freertos_kernel/portable/Common/mpu_wrappers.o
 .debug_macro   0x0000000000017f76      0x1cb ./freertos/freertos_kernel/event_groups.o
 .debug_macro   0x0000000000018141       0x91 ./freertos/freertos_kernel/event_groups.o
 .debug_macro   0x00000000000181d2      0x17c ./freertos/freertos_kernel/list.o
 .debug_macro   0x000000000001834e      0x200 ./freertos/freertos_kernel/queue.o
 .debug_macro   0x000000000001854e      0x1be ./freertos/freertos_kernel/stream_buffer.o
 .debug_macro   0x000000000001870c      0x2a1 ./freertos/freertos_kernel/tasks.o
 .debug_macro   0x00000000000189ad       0x10 ./freertos/freertos_kernel/tasks.o
 .debug_macro   0x00000000000189bd       0x1c ./freertos/freertos_kernel/tasks.o
 .debug_macro   0x00000000000189d9       0x10 ./freertos/freertos_kernel/tasks.o
 .debug_macro   0x00000000000189e9       0x1c ./freertos/freertos_kernel/tasks.o
 .debug_macro   0x0000000000018a05       0x16 ./freertos/freertos_kernel/tasks.o
 .debug_macro   0x0000000000018a1b      0x146 ./freertos/freertos_kernel/tasks.o
 .debug_macro   0x0000000000018b61       0x1c ./freertos/freertos_kernel/tasks.o
 .debug_macro   0x0000000000018b7d      0x1c5 ./freertos/freertos_kernel/timers.o
 .debug_macro   0x0000000000018d42      0x21f ./drivers/fsl_flexcomm.o
 .debug_macro   0x0000000000018f61       0x10 ./drivers/fsl_flexcomm.o
 .debug_macro   0x0000000000018f71      0x22e ./drivers/fsl_usart.o
 .debug_macro   0x000000000001919f       0x1c ./drivers/fsl_usart.o
 .debug_macro   0x00000000000191bb       0xa9 ./device/system_LPC55S69_cm33_core0.o
 .debug_macro   0x0000000000019264      0x282 ./component/uart/fsl_adapter_usart.o
 .debug_macro   0x00000000000194e6       0x22 ./component/uart/fsl_adapter_usart.o
 .debug_macro   0x0000000000019508       0x40 ./component/uart/fsl_adapter_usart.o
 .debug_macro   0x0000000000019548      0x2e0 ./component/serial_manager/fsl_component_serial_manager.o
 .debug_macro   0x0000000000019828       0x6a ./component/serial_manager/fsl_component_serial_manager.o
 .debug_macro   0x0000000000019892      0x2aa ./component/serial_manager/fsl_component_serial_port_uart.o

.debug_line     0x0000000000000000     0xe85c
 .debug_line    0x0000000000000000      0x8e5 ./utilities/fsl_assert.o
 .debug_line    0x00000000000008e5      0xd2d ./utilities/fsl_debug_console.o
 .debug_line    0x0000000000001612      0xdfe ./utilities/fsl_str.o
 .debug_line    0x0000000000002410      0x834 ./startup/startup_lpc55s69_cm33_core0.o
 .debug_line    0x0000000000002c44      0xa36 ./source/main_ns.o
 .debug_line    0x000000000000367a      0x863 ./freertos/freertos_kernel/portable/MemMang/heap_4.o
 .debug_line    0x0000000000003edd      0x734 ./freertos/freertos_kernel/portable/GCC/ARM_CM33/non_secure/port.o
 .debug_line    0x0000000000004611      0x37a ./freertos/freertos_kernel/portable/GCC/ARM_CM33/non_secure/portasm.o
 .debug_line    0x000000000000498b      0xbf1 ./freertos/freertos_kernel/portable/Common/mpu_wrappers.o
 .debug_line    0x000000000000557c      0x921 ./freertos/freertos_kernel/event_groups.o
 .debug_line    0x0000000000005e9d      0x66c ./freertos/freertos_kernel/list.o
 .debug_line    0x0000000000006509     0x112c ./freertos/freertos_kernel/queue.o
 .debug_line    0x0000000000007635      0xbdc ./freertos/freertos_kernel/stream_buffer.o
 .debug_line    0x0000000000008211     0x18fb ./freertos/freertos_kernel/tasks.o
 .debug_line    0x0000000000009b0c      0xa90 ./freertos/freertos_kernel/timers.o
 .debug_line    0x000000000000a59c      0x890 ./drivers/fsl_flexcomm.o
 .debug_line    0x000000000000ae2c     0x1245 ./drivers/fsl_usart.o
 .debug_line    0x000000000000c071      0x63e ./device/system_LPC55S69_cm33_core0.o
 .debug_line    0x000000000000c6af      0x9bb ./component/uart/fsl_adapter_usart.o
 .debug_line    0x000000000000d06a      0xc06 ./component/serial_manager/fsl_component_serial_manager.o
 .debug_line    0x000000000000dc70      0x9be ./component/serial_manager/fsl_component_serial_port_uart.o
 .debug_line    0x000000000000e62e      0x1cd /usr/local/mcuxpressoide-11.8.1_1197/ide/plugins/com.nxp.mcuxpresso.tools.linux_11.8.1.202308071233/tools/bin/../lib/gcc/arm-none-eabi/12.2.1/../../../../arm-none-eabi/lib/thumb/v8-m.main+fp/hard/libcr_newlib_nohost.a(_cr_sbrk.o)
 .debug_line    0x000000000000e7fb       0x61 /usr/local/mcuxpressoide-11.8.1_1197/ide/plugins/com.nxp.mcuxpresso.tools.linux_11.8.1.202308071233/tools/bin/../lib/gcc/arm-none-eabi/12.2.1/../../../../arm-none-eabi/lib/thumb/v8-m.main+fp/hard/libcr_newlib_nohost.a(_cr_check_heap.o)

.debug_str      0x0000000000000000    0xcab47
 .debug_str     0x0000000000000000    0xba9e6 ./utilities/fsl_assert.o
                                      0xbac18 (size before relaxing)
 .debug_str     0x00000000000ba9e6     0x42f2 ./utilities/fsl_debug_console.o
                                      0xbef4c (size before relaxing)
 .debug_str     0x00000000000becd8      0xe79 ./utilities/fsl_str.o
                                      0xb6d3c (size before relaxing)
 .debug_str     0x00000000000bfb51      0x6ce ./startup/startup_lpc55s69_cm33_core0.o
                                       0x362f (size before relaxing)
 .debug_str     0x00000000000c021f     0x1d14 ./source/main_ns.o
                                      0xbe14f (size before relaxing)
 .debug_str     0x00000000000c1f33      0x546 ./freertos/freertos_kernel/portable/MemMang/heap_4.o
                                       0xc791 (size before relaxing)
 .debug_str     0x00000000000c2479     0x1279 ./freertos/freertos_kernel/portable/GCC/ARM_CM33/non_secure/port.o
                                       0xa1de (size before relaxing)
 .debug_str     0x00000000000c36f2       0x9c ./freertos/freertos_kernel/portable/GCC/ARM_CM33/non_secure/portasm.o
                                       0x7576 (size before relaxing)
 .debug_str     0x00000000000c378e     0x11bb ./freertos/freertos_kernel/portable/Common/mpu_wrappers.o
                                       0xb767 (size before relaxing)
 .debug_str     0x00000000000c4949      0x394 ./freertos/freertos_kernel/event_groups.o
                                       0xd2c3 (size before relaxing)
 .debug_str     0x00000000000c4cdd       0x95 ./freertos/freertos_kernel/list.o
                                       0xb2d2 (size before relaxing)
 .debug_str     0x00000000000c4d72      0x6d7 ./freertos/freertos_kernel/queue.o
                                       0xd835 (size before relaxing)
 .debug_str     0x00000000000c5449      0x9ca ./freertos/freertos_kernel/stream_buffer.o
                                       0xd338 (size before relaxing)
 .debug_str     0x00000000000c5e13     0x1424 ./freertos/freertos_kernel/tasks.o
                                       0xec63 (size before relaxing)
 .debug_str     0x00000000000c7237      0x430 ./freertos/freertos_kernel/timers.o
                                       0xdf20 (size before relaxing)
 .debug_str     0x00000000000c7667     0x199b ./drivers/fsl_flexcomm.o
                                      0xb7ed0 (size before relaxing)
 .debug_str     0x00000000000c9002      0xdde ./drivers/fsl_usart.o
                                      0xb78bd (size before relaxing)
 .debug_str     0x00000000000c9de0      0x2dd ./device/system_LPC55S69_cm33_core0.o
                                      0xb03cf (size before relaxing)
 .debug_str     0x00000000000ca0bd      0x318 ./component/uart/fsl_adapter_usart.o
                                      0xbb64e (size before relaxing)
 .debug_str     0x00000000000ca3d5      0x4f4 ./component/serial_manager/fsl_component_serial_manager.o
                                      0xbbdca (size before relaxing)
 .debug_str     0x00000000000ca8c9       0x92 ./component/serial_manager/fsl_component_serial_port_uart.o
                                      0xbaf58 (size before relaxing)
 .debug_str     0x00000000000ca95b      0x1c7 /usr/local/mcuxpressoide-11.8.1_1197/ide/plugins/com.nxp.mcuxpresso.tools.linux_11.8.1.202308071233/tools/bin/../lib/gcc/arm-none-eabi/12.2.1/../../../../arm-none-eabi/lib/thumb/v8-m.main+fp/hard/libcr_newlib_nohost.a(_cr_sbrk.o)
                                        0x26b (size before relaxing)
 .debug_str     0x00000000000cab22       0x25 /usr/local/mcuxpressoide-11.8.1_1197/ide/plugins/com.nxp.mcuxpresso.tools.linux_11.8.1.202308071233/tools/bin/../lib/gcc/arm-none-eabi/12.2.1/../../../../arm-none-eabi/lib/thumb/v8-m.main+fp/hard/libcr_newlib_nohost.a(_cr_check_heap.o)
                                        0x1b6 (size before relaxing)

.comment        0x0000000000000000       0x45
 .comment       0x0000000000000000       0x45 ./utilities/fsl_assert.o
                                         0x46 (size before relaxing)
 .comment       0x0000000000000045       0x46 ./utilities/fsl_debug_console.o
 .comment       0x0000000000000045       0x46 ./utilities/fsl_str.o
 .comment       0x0000000000000045       0x46 ./startup/startup_lpc55s69_cm33_core0.o
 .comment       0x0000000000000045       0x46 ./source/main_ns.o
 .comment       0x0000000000000045       0x46 ./freertos/freertos_kernel/portable/MemMang/heap_4.o
 .comment       0x0000000000000045       0x46 ./freertos/freertos_kernel/portable/GCC/ARM_CM33/non_secure/port.o
 .comment       0x0000000000000045       0x46 ./freertos/freertos_kernel/portable/GCC/ARM_CM33/non_secure/portasm.o
 .comment       0x0000000000000045       0x46 ./freertos/freertos_kernel/portable/Common/mpu_wrappers.o
 .comment       0x0000000000000045       0x46 ./freertos/freertos_kernel/event_groups.o
 .comment       0x0000000000000045       0x46 ./freertos/freertos_kernel/list.o
 .comment       0x0000000000000045       0x46 ./freertos/freertos_kernel/queue.o
 .comment       0x0000000000000045       0x46 ./freertos/freertos_kernel/stream_buffer.o
 .comment       0x0000000000000045       0x46 ./freertos/freertos_kernel/tasks.o
 .comment       0x0000000000000045       0x46 ./freertos/freertos_kernel/timers.o
 .comment       0x0000000000000045       0x46 ./drivers/fsl_flexcomm.o
 .comment       0x0000000000000045       0x46 ./drivers/fsl_usart.o
 .comment       0x0000000000000045       0x46 ./device/system_LPC55S69_cm33_core0.o