../mbedtls/port/ksdk/aes_alt.c:506:6:mbedtls_aes_init	16	static
../mbedtls/port/ksdk/aes_alt.c:513:6:mbedtls_aes_free	16	static
../mbedtls/port/ksdk/aes_alt.c:1107:6:mbedtls_aes_encrypt	24	static
../mbedtls/port/ksdk/aes_alt.c:1244:6:mbedtls_aes_decrypt	24	static
../mbedtls/port/ksdk/aes_alt.c:1319:5:mbedtls_aes_crypt_ecb	24	static
../mbedtls/port/ksdk/aes_alt.c:1658:5:mbedtls_aes_crypt_cfb128	40	static
../mbedtls/port/ksdk/aes_alt.c:1728:5:mbedtls_aes_crypt_cfb8	48	static
../mbedtls/port/ksdk/aes_alt.c:1774:5:mbedtls_aes_crypt_ofb	32	static
../mbedtls/port/ksdk/aes_alt.c:1877:5:mbedtls_aes_setkey_enc	32	static
../mbedtls/port/ksdk/aes_alt.c:1923:5:mbedtls_aes_setkey_dec	32	static
../mbedtls/port/ksdk/aes_alt.c:1970:5:mbedtls_internal_aes_encrypt	40	static
../mbedtls/port/ksdk/aes_alt.c:1990:5:mbedtls_internal_aes_decrypt	40	static
../mbedtls/port/ksdk/aes_alt.c:2011:5:mbedtls_aes_crypt_cbc	56	static
../mbedtls/port/ksdk/aes_alt.c:2066:5:mbedtls_aes_crypt_ctr	48	static
../mbedtls/port/ksdk/aes_alt.c:2105:6:mbedtls_ccm_init	16	static
../mbedtls/port/ksdk/aes_alt.c:2114:6:mbedtls_ccm_free	16	static
../mbedtls/port/ksdk/aes_alt.c:2123:5:mbedtls_ccm_setkey	32	static
../mbedtls/port/ksdk/aes_alt.c:2170:12:ccm_auth_crypt	128	static
../mbedtls/port/ksdk/aes_alt.c:2385:5:mbedtls_ccm_encrypt_and_tag	56	static
../mbedtls/port/ksdk/aes_alt.c:2402:5:mbedtls_ccm_auth_decrypt	80	static
