../mbedtls/port/ksdk/ksdk_mbedtls.c:250:13:mbedtls_zeroize	24	static
../mbedtls/port/ksdk/ksdk_mbedtls.c:269:10:CRYPTO_InitHardware	8	static
../mbedtls/port/ksdk/ksdk_mbedtls.c:3658:13:reverse_array	24	static
../mbedtls/port/ksdk/ksdk_mbedtls.c:3674:12:mbedtls_mpi_exp_mod_shim	56	static
../mbedtls/port/ksdk/ksdk_mbedtls.c:3720:5:mbedtls_rsa_public	48	static
../mbedtls/port/ksdk/ksdk_mbedtls.c:4259:6:mbedtls_sha1_init	16	static
../mbedtls/port/ksdk/ksdk_mbedtls.c:4266:6:mbedtls_sha1_free	16	static
../mbedtls/port/ksdk/ksdk_mbedtls.c:4274:6:mbedtls_sha1_clone	16	static
../mbedtls/port/ksdk/ksdk_mbedtls.c:4282:5:mbedtls_sha1_starts_ret	24	static
../mbedtls/port/ksdk/ksdk_mbedtls.c:4293:5:mbedtls_internal_sha1_process	24	static
../mbedtls/port/ksdk/ksdk_mbedtls.c:4307:5:mbedtls_sha1_update_ret	32	static
../mbedtls/port/ksdk/ksdk_mbedtls.c:4321:5:mbedtls_sha1_finish_ret	24	static
../mbedtls/port/ksdk/ksdk_mbedtls.c:4336:6:mbedtls_sha1_starts	16	static
../mbedtls/port/ksdk/ksdk_mbedtls.c:4341:6:mbedtls_sha1_update	24	static
../mbedtls/port/ksdk/ksdk_mbedtls.c:4346:6:mbedtls_sha1_finish	16	static
../mbedtls/port/ksdk/ksdk_mbedtls.c:4351:6:mbedtls_sha1_process	16	static
../mbedtls/port/ksdk/ksdk_mbedtls.c:4836:6:mbedtls_sha256_init	16	static
../mbedtls/port/ksdk/ksdk_mbedtls.c:4843:6:mbedtls_sha256_free	16	static
../mbedtls/port/ksdk/ksdk_mbedtls.c:4851:6:mbedtls_sha256_clone	16	static
../mbedtls/port/ksdk/ksdk_mbedtls.c:4859:5:mbedtls_sha256_starts_ret	24	static
../mbedtls/port/ksdk/ksdk_mbedtls.c:4873:5:mbedtls_internal_sha256_process	24	static
../mbedtls/port/ksdk/ksdk_mbedtls.c:4887:5:mbedtls_sha256_update_ret	32	static
../mbedtls/port/ksdk/ksdk_mbedtls.c:4901:5:mbedtls_sha256_finish_ret	24	static
../mbedtls/port/ksdk/ksdk_mbedtls.c:4916:6:mbedtls_sha256_starts	16	static
../mbedtls/port/ksdk/ksdk_mbedtls.c:4921:6:mbedtls_sha256_update	24	static
../mbedtls/port/ksdk/ksdk_mbedtls.c:4926:6:mbedtls_sha256_finish	16	static
../mbedtls/port/ksdk/ksdk_mbedtls.c:4931:6:mbedtls_sha256_process	16	static
../mbedtls/port/ksdk/ksdk_mbedtls.c:4951:5:mbedtls_hardware_poll	32	static
