../drivers/fsl_iap.c:220:17:get_rom_api_version	4	static
../drivers/fsl_iap.c:237:10:FLASH_Init	24	static
../drivers/fsl_iap.c:265:10:FLASH_Erase	40	static
../drivers/fsl_iap.c:280:10:FLASH_Program	40	static
../drivers/fsl_iap.c:296:10:FLASH_Read	40	static
../drivers/fsl_iap.c:322:10:FLASH_VerifyErase	24	static
../drivers/fsl_iap.c:335:10:FLASH_VerifyProgram	48	static
../drivers/fsl_iap.c:360:10:FLASH_GetProperty	24	static
../drivers/fsl_iap.c:369:17:get_cfpa_higher_version	544	static
../drivers/fsl_iap.c:410:10:FFR_Init	24	static
../drivers/fsl_iap.c:438:10:FFR_Lock_All	16	static
../drivers/fsl_iap.c:456:10:FFR_CustFactoryPageWrite	24	static
../drivers/fsl_iap.c:473:10:FFR_GetUUID	16	static
../drivers/fsl_iap.c:491:10:FFR_GetCustomerData	32	static
../drivers/fsl_iap.c:509:10:FFR_KeystoreWrite	16	static
../drivers/fsl_iap.c:524:10:FFR_KeystoreGetAC	16	static
../drivers/fsl_iap.c:539:10:FFR_KeystoreGetKC	24	static
../drivers/fsl_iap.c:557:10:FFR_InfieldPageWrite	24	static
../drivers/fsl_iap.c:575:10:FFR_GetCustomerInfieldData	32	static
../drivers/fsl_iap.c:598:10:kb_init	16	static
../drivers/fsl_iap.c:610:10:kb_deinit	16	static
../drivers/fsl_iap.c:634:10:kb_execute	24	static
../drivers/fsl_iap.c:649:17:skboot_authenticate	16	static
../drivers/fsl_iap.c:659:6:HASH_IRQHandler	8	static
