/home/pavel/apps/LOC-PAISA/1_IoTDev/1_NXPBoard/freertos_blinky_s/CMSIS/core_cm33.h:2378:22:__NVIC_EnableIRQ	16	static
../drivers/fsl_clock.h:983:20:CLOCK_EnableClock	24	static
../drivers/fsl_clock.h:993:20:CLOCK_DisableClock	24	static
../drivers/fsl_common_arm.h:499:24:EnableIRQ	24	static
../drivers/fsl_hashcrypt.c:100:13:ctrIncrement	24	static
../drivers/fsl_hashcrypt.c:134:24:hashcrypt_get_word_from_unaligned	16	static
../drivers/fsl_hashcrypt.c:180:17:hashcrypt_get_key_from_unaligned_src	40	static
../drivers/fsl_hashcrypt.c:249:22:hashcrypt_load_data	64	static
../drivers/fsl_hashcrypt.c:290:17:hashcrypt_check_need_key	24	static
../drivers/fsl_hashcrypt.c:324:13:hashcrypt_get_data	64	static
../drivers/fsl_hashcrypt.c:355:13:hashcrypt_engine_init	16	static
../drivers/fsl_hashcrypt.c:370:20:hashcrypt_engine_deinit	16	static
../drivers/fsl_hashcrypt.c:383:13:hashcrypt_aes_load_userKey	24	static
../drivers/fsl_hashcrypt.c:419:17:hashcrypt_aes_one_block_aligned	40	static
../drivers/fsl_hashcrypt.c:463:17:hashcrypt_aes_one_block_unaligned	320	static
../drivers/fsl_hashcrypt.c:519:17:hashcrypt_aes_one_block	48	static
../drivers/fsl_hashcrypt.c:582:17:hashcrypt_sha_check_input_alg	16	static
../drivers/fsl_hashcrypt.c:602:17:hashcrypt_sha_check_input_args	24	static
../drivers/fsl_hashcrypt.c:626:17:hashcrypt_sha_check_context	16	static
../drivers/fsl_hashcrypt.c:644:13:hashcrypt_sha_one_block	96	static
../drivers/fsl_hashcrypt.c:681:17:hashcrypt_sha_process_message_data	40	static
../drivers/fsl_hashcrypt.c:747:17:hashcrypt_sha_finalize	96	static
../drivers/fsl_hashcrypt.c:788:13:hashcrypt_save_running_hash	16	static
../drivers/fsl_hashcrypt.c:806:13:hashcrypt_restore_running_hash	16	static
../drivers/fsl_hashcrypt.c:830:10:HASHCRYPT_SHA	120	static
../drivers/fsl_hashcrypt.c:857:10:HASHCRYPT_SHA_Init	32	static
../drivers/fsl_hashcrypt.c:886:10:HASHCRYPT_SHA_Update	40	static
../drivers/fsl_hashcrypt.c:939:10:HASHCRYPT_SHA_Finish	40	static
../drivers/fsl_hashcrypt.c:1016:6:HASHCRYPT_SHA_SetCallback	32	static
../drivers/fsl_hashcrypt.c:1031:10:HASHCRYPT_SHA_UpdateNonBlocking	48	static
../drivers/fsl_hashcrypt.c:1099:10:HASHCRYPT_AES_SetKey	32	static
../drivers/fsl_hashcrypt.c:1141:10:HASHCRYPT_AES_EncryptEcb	32	static
../drivers/fsl_hashcrypt.c:1180:10:HASHCRYPT_AES_DecryptEcb	32	static
../drivers/fsl_hashcrypt.c:1219:10:HASHCRYPT_AES_EncryptCbc	32	static
../drivers/fsl_hashcrypt.c:1265:10:HASHCRYPT_AES_DecryptCbc	32	static
../drivers/fsl_hashcrypt.c:1311:10:HASHCRYPT_AES_CryptCtr	64	static
../drivers/fsl_hashcrypt.c:1419:10:HASHCRYPT_AES_CryptOfb	72	static
../drivers/fsl_hashcrypt.c:1503:10:HASHCRYPT_AES_EncryptCfb	72	static
../drivers/fsl_hashcrypt.c:1586:10:HASHCRYPT_AES_DecryptCfb	72	static
../drivers/fsl_hashcrypt.c:1670:6:HASHCRYPT_DriverIRQHandler	32	static
../drivers/fsl_hashcrypt.c:1714:6:HASHCRYPT_Init	16	static
../drivers/fsl_hashcrypt.c:1725:6:HASHCRYPT_Deinit	16	static
