17:47:02 **** Incremental Build of configuration Debug for project freertos_blinky_s ****
make -r -j20 all 
make[1]: Nothing to be done for 'main-build'.
Performing post-build steps
arm-none-eabi-size "freertos_blinky_s.axf"; # arm-none-eabi-objcopy -v -O binary "freertos_blinky_s.axf" "freertos_blinky_s.bin" ; # checksum -p LPC55S69 -d "freertos_blinky_s.bin";
   text	   data	    bss	    dec	    hex	filename
 184544	    616	  27332	 212492	  33e0c	freertos_blinky_s.axf
 

17:47:02 Build Finished. 0 errors, 0 warnings. (took 162ms)

