/home/pavel/apps/LOC-PAISA/1_IoTDev/1_NXPBoard/freertos_blinky_s/mbedtls/include/psa/crypto_values.h:2101:19:mbedtls_svc_key_id_is_null	16	static
/home/pavel/apps/LOC-PAISA/1_IoTDev/1_NXPBoard/freertos_blinky_s/mbedtls/include/psa/crypto_struct.h:360:36:psa_get_key_id	16	static
/home/pavel/apps/LOC-PAISA/1_IoTDev/1_NXPBoard/freertos_blinky_s/mbedtls/include/psa/crypto_struct.h:388:34:psa_get_key_lifetime	16	static
/home/pavel/apps/LOC-PAISA/1_IoTDev/1_NXPBoard/freertos_blinky_s/mbedtls/include/psa/crypto_struct.h:394:20:psa_extend_key_usage_flags	16	static
/home/pavel/apps/LOC-PAISA/1_IoTDev/1_NXPBoard/freertos_blinky_s/mbedtls/include/psa/crypto_struct.h:403:20:psa_set_key_usage_flags	16	static
/home/pavel/apps/LOC-PAISA/1_IoTDev/1_NXPBoard/freertos_blinky_s/mbedtls/include/psa/crypto_struct.h:435:20:psa_set_key_type	16	static
/home/pavel/apps/LOC-PAISA/1_IoTDev/1_NXPBoard/freertos_blinky_s/mbedtls/include/psa/crypto_struct.h:453:30:psa_get_key_type	16	static
/home/pavel/apps/LOC-PAISA/1_IoTDev/1_NXPBoard/freertos_blinky_s/mbedtls/include/psa/crypto_struct.h:459:20:psa_set_key_bits	16	static
/home/pavel/apps/LOC-PAISA/1_IoTDev/1_NXPBoard/freertos_blinky_s/mbedtls/include/psa/crypto_struct.h:468:22:psa_get_key_bits	16	static
/home/pavel/apps/LOC-PAISA/1_IoTDev/1_NXPBoard/freertos_blinky_s/mbedtls/include/psa/crypto_extra.h:590:32:mbedtls_ecc_group_to_psa	16	static
../mbedtls/library/psa_crypto_core.h:41:19:mbedtls_psa_safer_memcmp	32	static
../mbedtls/library/psa_crypto_slot_management.h:180:19:psa_key_lifetime_is_external	16	static
../mbedtls/library/psa_crypto_random_impl.h:92:20:mbedtls_psa_drbg_init	16	static
../mbedtls/library/psa_crypto_random_impl.h:105:20:mbedtls_psa_drbg_free	16	static
../mbedtls/library/psa_crypto_random_impl.h:183:19:mbedtls_psa_drbg_seed	32	static
../mbedtls/library/psa_crypto.c:99:12:key_type_is_raw_bytes	16	static
../mbedtls/library/psa_crypto.c:127:14:mbedtls_to_psa_error	24	static
../mbedtls/library/psa_crypto.c:393:22:mbedtls_ecc_group_of_psa	24	static
../mbedtls/library/psa_crypto.c:493:21:validate_unstructured_key_bit_size	16	static
../mbedtls/library/psa_crypto.c:562:38:psa_mac_key_can_do	16	static
../mbedtls/library/psa_crypto.c:589:14:psa_allocate_buffer_to_slot	16	static
../mbedtls/library/psa_crypto.c:603:14:psa_copy_key_material_into_slot	32	static
../mbedtls/library/psa_crypto.c:616:14:psa_import_key_into_slot	48	static
../mbedtls/library/psa_crypto.c:688:24:psa_key_policy_algorithm_intersection	48	static
../mbedtls/library/psa_crypto.c:791:12:psa_key_algorithm_permits	32	static
../mbedtls/library/psa_crypto.c:892:21:psa_key_policy_permits	24	static
../mbedtls/library/psa_crypto.c:929:21:psa_restrict_key_policy	32	static
../mbedtls/library/psa_crypto.c:963:21:psa_get_and_lock_key_slot_with_policy	32	static
../mbedtls/library/psa_crypto.c:1022:21:psa_get_and_lock_transparent_key_slot_with_policy	32	static
../mbedtls/library/psa_crypto.c:1043:14:psa_remove_key_data_from_memory	16	static
../mbedtls/library/psa_crypto.c:1059:14:psa_wipe_key_slot	24	static
../mbedtls/library/psa_crypto.c:1090:14:psa_destroy_key	32	static
../mbedtls/library/psa_crypto.c:1208:21:psa_get_rsa_public_exponent	48	static
../mbedtls/library/psa_crypto.c:1252:14:psa_get_key_attributes	40	static
../mbedtls/library/psa_crypto.c:1333:21:psa_export_key_buffer_internal	24	static
../mbedtls/library/psa_crypto.c:1348:14:psa_export_key_internal	40	static
../mbedtls/library/psa_crypto.c:1372:14:psa_export_key	88	static
../mbedtls/library/psa_crypto.c:1414:14:psa_export_public_key_internal	40	static
../mbedtls/library/psa_crypto.c:1476:14:psa_export_public_key	88	static
../mbedtls/library/psa_crypto.c:1536:21:psa_validate_key_policy	16	static
../mbedtls/library/psa_crypto.c:1565:21:psa_validate_key_attributes	32	static
../mbedtls/library/psa_crypto.c:1640:21:psa_start_key_creation	48	static
../mbedtls/library/psa_crypto.c:1771:21:psa_finish_key_creation	32	static
../mbedtls/library/psa_crypto.c:1854:13:psa_fail_key_creation	16	static
../mbedtls/library/psa_crypto.c:1891:21:psa_validate_optional_attributes	64	static
../mbedtls/library/psa_crypto.c:1957:14:psa_import_key	56	static
../mbedtls/library/psa_crypto.c:2055:21:psa_copy_key_material	24	static
../mbedtls/library/psa_crypto.c:2070:14:psa_copy_key	88	static
../mbedtls/library/psa_crypto.c:2144:14:psa_hash_abort	24	static
../mbedtls/library/psa_crypto.c:2156:14:psa_hash_setup	24	static
../mbedtls/library/psa_crypto.c:2187:14:psa_hash_update	32	static
../mbedtls/library/psa_crypto.c:2213:14:psa_hash_finish	32	static
../mbedtls/library/psa_crypto.c:2228:14:psa_hash_verify	96	static
../mbedtls/library/psa_crypto.c:2259:14:psa_hash_compute	32	static
../mbedtls/library/psa_crypto.c:2272:14:psa_hash_compare	104	static
../mbedtls/library/psa_crypto.c:2301:14:psa_hash_clone	24	static
../mbedtls/library/psa_crypto.c:2323:14:psa_mac_abort	24	static
../mbedtls/library/psa_crypto.c:2337:21:psa_mac_finalize_alg_and_key_validation	40	static
../mbedtls/library/psa_crypto.c:2377:21:psa_mac_setup	88	static
../mbedtls/library/psa_crypto.c:2438:14:psa_mac_sign_setup	24	static
../mbedtls/library/psa_crypto.c:2445:14:psa_mac_verify_setup	24	static
../mbedtls/library/psa_crypto.c:2452:14:psa_mac_update	32	static
../mbedtls/library/psa_crypto.c:2472:14:psa_mac_sign_finish	32	static
../mbedtls/library/psa_crypto.c:2532:14:psa_mac_verify_finish	32	static
../mbedtls/library/psa_crypto.c:2566:21:psa_mac_compute_internal	112	static
../mbedtls/library/psa_crypto.c:2630:14:psa_mac_compute	40	static
../mbedtls/library/psa_crypto.c:2643:14:psa_mac_verify	112	static
../mbedtls/library/psa_crypto.c:2682:21:psa_sign_verify_check_alg	16	static
../mbedtls/library/psa_crypto.c:2705:21:psa_sign_internal	104	static
../mbedtls/library/psa_crypto.c:2785:21:psa_verify_internal	96	static
../mbedtls/library/psa_crypto.c:2835:14:psa_sign_message_builtin	120	static
../mbedtls/library/psa_crypto.c:2870:14:psa_sign_message	40	static
../mbedtls/library/psa_crypto.c:2883:14:psa_verify_message_builtin	112	static
../mbedtls/library/psa_crypto.c:2917:14:psa_verify_message	40	static
../mbedtls/library/psa_crypto.c:2929:14:psa_sign_hash_builtin	48	static
../mbedtls/library/psa_crypto.c:2986:14:psa_sign_hash	40	static
../mbedtls/library/psa_crypto.c:2999:14:psa_verify_hash_builtin	40	static
../mbedtls/library/psa_crypto.c:3055:14:psa_verify_hash	40	static
../mbedtls/library/psa_crypto.c:3068:13:psa_rsa_oaep_set_padding_mode	32	static
../mbedtls/library/psa_crypto.c:3078:14:psa_asymmetric_encrypt	64	static
../mbedtls/library/psa_crypto.c:3192:14:psa_asymmetric_decrypt	64	static
../mbedtls/library/psa_crypto.c:3312:21:psa_cipher_setup	96	static
../mbedtls/library/psa_crypto.c:3379:14:psa_cipher_encrypt_setup	24	static
../mbedtls/library/psa_crypto.c:3386:14:psa_cipher_decrypt_setup	24	static
../mbedtls/library/psa_crypto.c:3393:14:psa_cipher_generate_iv	48	static
../mbedtls/library/psa_crypto.c:3450:14:psa_cipher_set_iv	32	static
../mbedtls/library/psa_crypto.c:3486:14:psa_cipher_update	40	static
../mbedtls/library/psa_crypto.c:3521:14:psa_cipher_finish	32	static
../mbedtls/library/psa_crypto.c:3557:14:psa_cipher_abort	16	static
../mbedtls/library/psa_crypto.c:3576:14:psa_cipher_encrypt	136	static
../mbedtls/library/psa_crypto.c:3649:14:psa_cipher_decrypt	104	static
../mbedtls/library/psa_crypto.c:3704:14:psa_aead_encrypt	120	static
../mbedtls/library/psa_crypto.c:3749:14:psa_aead_decrypt	120	static
../mbedtls/library/psa_crypto.c:3807:21:psa_key_derivation_start_hmac	72	static
../mbedtls/library/psa_crypto.c:3837:24:psa_key_derivation_get_kdf_alg	16	static
../mbedtls/library/psa_crypto.c:3846:14:psa_key_derivation_abort	24	static
../mbedtls/library/psa_crypto.c:3907:14:psa_key_derivation_get_capacity	16	static
../mbedtls/library/psa_crypto.c:3920:14:psa_key_derivation_set_capacity	16	static
../mbedtls/library/psa_crypto.c:3934:21:psa_key_derivation_hkdf_read	40	static
../mbedtls/library/psa_crypto.c:4009:21:psa_key_derivation_tls12_prf_generate_next_block	424	static
../mbedtls/library/psa_crypto.c:4119:21:psa_key_derivation_tls12_prf_read	40	static
../mbedtls/library/psa_crypto.c:4171:14:psa_key_derivation_output_bytes	40	static
../mbedtls/library/psa_crypto.c:4247:13:psa_des_set_key_parity	16	static
../mbedtls/library/psa_crypto.c:4258:21:psa_generate_derived_key_internal	96	static
../mbedtls/library/psa_crypto.c:4305:14:psa_key_derivation_output_key	40	static
../mbedtls/library/psa_crypto.c:4356:21:psa_key_derivation_setup_kdf	32	static
../mbedtls/library/psa_crypto.c:4404:14:psa_key_derivation_setup	24	static
../mbedtls/library/psa_crypto.c:4440:21:psa_hkdf_input	32	static
../mbedtls/library/psa_crypto.c:4512:21:psa_tls12_prf_set_seed	24	static
../mbedtls/library/psa_crypto.c:4534:21:psa_tls12_prf_set_key	24	static
../mbedtls/library/psa_crypto.c:4556:21:psa_tls12_prf_set_label	24	static
../mbedtls/library/psa_crypto.c:4578:21:psa_tls12_prf_input	24	static
../mbedtls/library/psa_crypto.c:4599:21:psa_tls12_prf_psk_to_ms_set_key	296	static
../mbedtls/library/psa_crypto.c:4633:21:psa_tls12_prf_psk_to_ms_input	24	static
../mbedtls/library/psa_crypto.c:4658:12:psa_key_derivation_check_input_type	16	static
../mbedtls/library/psa_crypto.c:4683:21:psa_key_derivation_input_internal	40	static
../mbedtls/library/psa_crypto.c:4736:14:psa_key_derivation_input_bytes	32	static
../mbedtls/library/psa_crypto.c:4747:14:psa_key_derivation_input_key	48	static
../mbedtls/library/psa_crypto.c:4786:21:psa_key_agreement_ecdh	368	static
../mbedtls/library/psa_crypto.c:4842:21:psa_key_agreement_raw_internal	48	static
../mbedtls/library/psa_crypto.c:4887:21:psa_key_agreement_internal	120	static
../mbedtls/library/psa_crypto.c:4921:14:psa_key_derivation_key_agreement	48	static
../mbedtls/library/psa_crypto.c:4955:14:psa_raw_key_agreement	56	static
../mbedtls/library/psa_crypto.c:5009:13:mbedtls_psa_random_init	16	static
../mbedtls/library/psa_crypto.c:5039:13:mbedtls_psa_random_free	16	static
../mbedtls/library/psa_crypto.c:5051:21:mbedtls_psa_random_seed	24	static
../mbedtls/library/psa_crypto.c:5065:14:psa_generate_random	24	static
../mbedtls/library/psa_crypto.c:5166:21:psa_validate_key_type_and_size_for_key_generation	24	static
../mbedtls/library/psa_crypto.c:5207:14:psa_generate_key_internal	32	static
../mbedtls/library/psa_crypto.c:5262:14:psa_generate_key	32	static
../mbedtls/library/psa_crypto.c:5337:14:mbedtls_psa_crypto_configure_entropy_sources	16	static
../mbedtls/library/psa_crypto.c:5349:6:mbedtls_psa_crypto_free	8	static
../mbedtls/library/psa_crypto.c:5391:14:psa_crypto_init	16	static
