/home/pavel/apps/LOC-PAISA/1_IoTDev/1_NXPBoard/freertos_blinky_s/CMSIS/core_cm33.h:2378:22:__NVIC_EnableIRQ	16	static
/home/pavel/apps/LOC-PAISA/1_IoTDev/1_NXPBoard/freertos_blinky_s/CMSIS/core_cm33.h:2416:22:__NVIC_DisableIRQ	16	static
/home/pavel/apps/LOC-PAISA/1_IoTDev/1_NXPBoard/freertos_blinky_s/CMSIS/core_cm33.h:2575:22:__NVIC_SetPriority	16	static
/home/pavel/apps/LOC-PAISA/1_IoTDev/1_NXPBoard/freertos_blinky_s/CMSIS/core_cm33.h:3128:26:SysTick_Config	16	static
/home/pavel/apps/LOC-PAISA/1_IoTDev/1_NXPBoard/freertos_blinky_s/drivers/fsl_clock.h:983:20:CLOCK_EnableClock	24	static
/home/pavel/apps/LOC-PAISA/1_IoTDev/1_NXPBoard/freertos_blinky_s/drivers/fsl_common_arm.h:499:24:EnableIRQ	24	static
/home/pavel/apps/LOC-PAISA/1_IoTDev/1_NXPBoard/freertos_blinky_s/drivers/fsl_common_arm.h:543:24:DisableIRQ	24	static
/home/pavel/apps/LOC-PAISA/1_IoTDev/1_NXPBoard/freertos_blinky_s/drivers/fsl_power.h:398:20:POWER_SetBodVbatLevel	16	static
/home/pavel/apps/LOC-PAISA/1_IoTDev/1_NXPBoard/freertos_blinky_s/drivers/fsl_usart.h:425:24:USART_GetStatusFlags	16	static
/home/pavel/apps/LOC-PAISA/1_IoTDev/1_NXPBoard/freertos_blinky_s/drivers/fsl_usart.h:445:20:USART_ClearStatusFlags	16	static
/home/pavel/apps/LOC-PAISA/1_IoTDev/1_NXPBoard/freertos_blinky_s/drivers/fsl_usart.h:473:20:USART_EnableInterrupts	16	static
/home/pavel/apps/LOC-PAISA/1_IoTDev/1_NXPBoard/freertos_blinky_s/drivers/fsl_usart.h:655:23:USART_ReadByte	16	static
/home/pavel/apps/LOC-PAISA/1_IoTDev/1_NXPBoard/freertos_blinky_s/drivers/fsl_ctimer.h:497:20:CTIMER_StartTimer	16	static
/home/pavel/apps/LOC-PAISA/1_IoTDev/1_NXPBoard/freertos_blinky_s/mbedtls/include/mbedtls/pk.h:240:36:mbedtls_pk_ec	16	static
../source/main_s.c:175:6:SystemInitHook	8	static
../source/main_s.c:185:6:BootNonSecure	32	static
../source/main_s.c:210:6:SysTick_Handler	4	static
../source/main_s.c:215:6:ctimer_match_callback	32	static
../source/main_s.c:229:5:getEntropyItfFunction	32	static
../source/main_s.c:240:6:__sha256	112	static
../source/main_s.c:261:6:findMessage	32	static
../source/main_s.c:285:12:decrypt_with_private_key	1552	static
../source/main_s.c:403:6:FLEXCOMM4_IRQHandler	368	static
../source/main_s.c:549:6:FLEXCOMM2_IRQHandler	16	static
../source/main_s.c:562:6:syncReq	384	static
../source/main_s.c:601:6:cmp_ts_and_save	24	static
../source/main_s.c:612:6:syncResp	80	static
../source/main_s.c:642:6:syncAck	640	static
../source/main_s.c:687:6:delay	24	static
../source/main_s.c:696:10:expand_msg	32	static
../source/main_s.c:716:9:attest	600	static
../source/main_s.c:734:6:announcement	752	static
../source/main_s.c:891:6:ctimer_init	32	static
../source/main_s.c:914:5:main	1240	static
../source/main_s.c:1048:6:vGetRegistersFromStack	80	static
